<html>
<body>
<pre>
<h1>µVision Build Log</h1>
<h2>Tool Versions:</h2>
IDE-Version: ¦ÌVision V5.25.2.0
Copyright (C) 2018 ARM Ltd and ARM Germany GmbH. All rights reserved.
License Information: 1¡¤ 1, 1, LIC=AK1BF-6G1GS-SGM7K-Z5TNX-WCZL4-9TJS1
 
Tool Versions:
Toolchain:       MDK-ARM Professional  Version: 5.25.2.0
Toolchain Path:  C:\Keil_v5\ARM\ARMCC\Bin
C Compiler:      Armcc.exe V5.06 update 6 (build 750)
Assembler:       Armasm.exe V5.06 update 6 (build 750)
Linker/Locator:  ArmLink.exe V5.06 update 6 (build 750)
Library Manager: ArmAr.exe V5.06 update 6 (build 750)
Hex Converter:   FromElf.exe V5.06 update 6 (build 750)
CPU DLL:         SARMCM3.DLL V5.25.2.0
Dialog DLL:      DARMCM1.DLL V1.19.1.0
Target DLL:      Segger\JL2CM3.dll V2.99.29.0
Dialog DLL:      TARMCM1.DLL V1.14.0.0
 
<h2>Project:</h2>
\\Mac\Home\Documents\work\PY32F071_Firmware_V1.0.3\PY32F07x_IAP_APP_Firmware_V0.0.3\Projects\PY32F072xx_IAP_sb\MDK-ARM\Project.uvprojx
Project File Date:  12/26/2024

<h2>Output:</h2>
*** Using Compiler 'V5.06 update 6 (build 750)', folder: 'C:\Keil_v5\ARM\ARMCC\Bin'
Build target 'PY32F072xB_Project'
compiling sgdsb.c...
linking...
Program Size: Code=22216 RO-data=804 RW-data=712 ZI-data=7712  
FromELF: creating hex file...
".\Output\Project.axf" - 0 Error(s), 0 Warning(s).

<h2>Software Packages used:</h2>

Package Vendor: Puya
                https://www.puyasemi.com/uploadfiles/Puya.PY32F0xx_DFP.1.2.1.pack
                Puya.PY32F0xx_DFP.1.2.1
                Puya PY32F0 Series Device Support

<h2>Collection of Component include folders:</h2>
  .\RTE\_PY32F072xB_Project
  C:\Keil_v5\ARM\PACK\Puya\PY32F0xx_DFP\1.2.1\Drivers\CMSIS\Device\PY32F0xx\Include

<h2>Collection of Component Files used:</h2>
Build Time Elapsed:  00:00:01
</pre>
</body>
</html>
