Component: ARM Compiler 5.06 update 6 (build 750) Tool: armlink [4d35ed]

==============================================================================

Section Cross References

    startup_py32f072xx.o(RESET) refers to startup_py32f072xx.o(STACK) for __initial_sp
    startup_py32f072xx.o(RESET) refers to startup_py32f072xx.o(.text) for Reset_Handler
    startup_py32f072xx.o(RESET) refers to py32f07x_it.o(i.NMI_Handler) for NMI_Handler
    startup_py32f072xx.o(RESET) refers to py32f07x_it.o(i.HardFault_Handler) for HardFault_Handler
    startup_py32f072xx.o(RESET) refers to py32f07x_it.o(i.SVC_Handler) for SVC_Handler
    startup_py32f072xx.o(RESET) refers to py32f07x_it.o(i.PendSV_Handler) for PendSV_Handler
    startup_py32f072xx.o(RESET) refers to py32f07x_it.o(i.SysTick_Handler) for SysTick_Handler
    startup_py32f072xx.o(RESET) refers to py32f07x_it.o(i.RTC_IRQHandler) for RTC_IRQHandler
    startup_py32f072xx.o(RESET) refers to py32f07x_it.o(i.EXTI0_1_IRQHandler) for EXTI0_1_IRQHandler
    startup_py32f072xx.o(RESET) refers to py32f07x_it.o(i.EXTI2_3_IRQHandler) for EXTI2_3_IRQHandler
    startup_py32f072xx.o(RESET) refers to py32f07x_it.o(i.EXTI4_15_IRQHandler) for EXTI4_15_IRQHandler
    startup_py32f072xx.o(RESET) refers to py32f07x_it.o(i.ADC_COMP_IRQHandler) for ADC_COMP_IRQHandler
    startup_py32f072xx.o(RESET) refers to py32f07x_it.o(i.TIM1_BRK_UP_TRG_COM_IRQHandler) for TIM1_BRK_UP_TRG_COM_IRQHandler
    startup_py32f072xx.o(RESET) refers to py32f07x_it.o(i.USB_IRQHandler) for USB_IRQHandler
    startup_py32f072xx.o(.text) refers to system_py32f07x.o(i.SystemInit) for SystemInit
    startup_py32f072xx.o(.text) refers to entry.o(.ARM.Collect$$$$00000000) for __main
    main.o(i.APP_PvdConfig) refers to memseta.o(.text) for __aeabi_memclr4
    main.o(i.APP_PvdConfig) refers to py32f07x_hal_gpio.o(i.HAL_GPIO_Init) for HAL_GPIO_Init
    main.o(i.APP_PvdConfig) refers to py32f07x_hal_pwr.o(i.HAL_PWR_ConfigPVD) for HAL_PWR_ConfigPVD
    main.o(i.APP_PvdConfig) refers to py32f07x_hal_cortex.o(i.HAL_NVIC_SetPriority) for HAL_NVIC_SetPriority
    main.o(i.APP_PvdConfig) refers to py32f07x_hal_cortex.o(i.HAL_NVIC_EnableIRQ) for HAL_NVIC_EnableIRQ
    main.o(i.APP_SystemClockConfig) refers to memseta.o(.text) for __aeabi_memclr4
    main.o(i.APP_SystemClockConfig) refers to py32f07x_hal_rcc.o(i.HAL_RCC_OscConfig) for HAL_RCC_OscConfig
    main.o(i.APP_SystemClockConfig) refers to adc.o(i.APP_ErrorHandler) for APP_ErrorHandler
    main.o(i.APP_SystemClockConfig) refers to py32f07x_hal_rcc.o(i.HAL_RCC_ClockConfig) for HAL_RCC_ClockConfig
    main.o(i.main) refers to segger_rtt_printf.o(i.SEGGER_RTT_printf) for SEGGER_RTT_printf
    main.o(i.main) refers to sgdsb.o(i.sgd1msConfig) for sgd1msConfig
    main.o(i.main) refers to app_wdg.o(i.APP_WDG_Init) for APP_WDG_Init
    main.o(i.main) refers to py32f07x_hal.o(i.HAL_Init) for HAL_Init
    main.o(i.main) refers to main.o(i.APP_PvdConfig) for APP_PvdConfig
    main.o(i.main) refers to main.o(i.APP_SystemClockConfig) for APP_SystemClockConfig
    main.o(i.main) refers to sgdsb.o(i.sgdInit) for sgdInit
    main.o(i.main) refers to sgdsb.o(i.sgdLoop) for sgdLoop
    main.o(i.print_int_array) refers to segger_rtt_printf.o(i.SEGGER_RTT_printf) for SEGGER_RTT_printf
    usbd_hid_inout_if.o(i.hid_custom_dfu_init) refers to usbd_core.o(i.usbd_desc_register) for usbd_desc_register
    usbd_hid_inout_if.o(i.hid_custom_dfu_init) refers to usbd_hid.o(i.usbd_hid_init_intf) for usbd_hid_init_intf
    usbd_hid_inout_if.o(i.hid_custom_dfu_init) refers to usbd_core.o(i.usbd_add_interface) for usbd_add_interface
    usbd_hid_inout_if.o(i.hid_custom_dfu_init) refers to usbd_core.o(i.usbd_add_endpoint) for usbd_add_endpoint
    usbd_hid_inout_if.o(i.hid_custom_dfu_init) refers to usbd_core.o(i.usbd_initialize) for usbd_initialize
    usbd_hid_inout_if.o(i.hid_custom_dfu_init) refers to usbd_hid_inout_if.o(.constdata) for .constdata
    usbd_hid_inout_if.o(i.hid_custom_dfu_init) refers to usbd_hid_inout_if.o(.bss) for .bss
    usbd_hid_inout_if.o(i.hid_custom_dfu_init) refers to usbd_hid_inout_if.o(.data) for .data
    usbd_hid_inout_if.o(i.hid_custom_dfu_read_data) refers to py32f07x_hal.o(i.HAL_GetTick) for HAL_GetTick
    usbd_hid_inout_if.o(i.hid_custom_dfu_read_data) refers to app_wdg.o(i.APP_WDG_Refresh) for APP_WDG_Refresh
    usbd_hid_inout_if.o(i.hid_custom_dfu_read_data) refers to memcpya.o(.text) for __aeabi_memcpy
    usbd_hid_inout_if.o(i.hid_custom_dfu_read_data) refers to usbd_hid_inout_if.o(.data) for .data
    usbd_hid_inout_if.o(i.hid_custom_dfu_read_data) refers to usbd_hid_inout_if.o(.noncacheable) for .noncacheable
    usbd_hid_inout_if.o(i.hid_custom_dfu_send_data) refers to usb_dc_py32.o(i.usbd_ep_start_write) for usbd_ep_start_write
    usbd_hid_inout_if.o(i.hid_custom_dfu_send_data) refers to app_wdg.o(i.APP_WDG_Refresh) for APP_WDG_Refresh
    usbd_hid_inout_if.o(i.hid_custom_dfu_send_data) refers to memseta.o(.text) for __aeabi_memclr4
[...]
    pyusb_read_packet                        0x08003e6d   Thumb Code    26  usb_dc_py32.o(i.pyusb_read_packet)
    i.pyusb_write_packet                     0x08003e8c   Section        0  usb_dc_py32.o(i.pyusb_write_packet)
    pyusb_write_packet                       0x08003e8d   Thumb Code    26  usb_dc_py32.o(i.pyusb_write_packet)
    i.readMeasurement                        0x08003eac   Section        0  kth57xxiic.o(i.readMeasurement)
    i.readRegister                           0x08003f40   Section        0  kth57xxiic.o(i.readRegister)
    i.record_charge_data                     0x08003fb8   Section        0  currentctrl.o(i.record_charge_data)
    i.set15Pluse                             0x08004030   Section        0  sb.o(i.set15Pluse)
    i.setCompTick                            0x0800409c   Section        0  sb.o(i.setCompTick)
    i.setGPIOA6BrakeLow                      0x080040ac   Section        0  sb.o(i.setGPIOA6BrakeLow)
    i.setGPIOA6CompOut                       0x080040ec   Section        0  sb.o(i.setGPIOA6CompOut)
    i.setPluseInfo                           0x0800411c   Section        0  currentctrl.o(i.setPluseInfo)
    i.setShipParse                           0x08004128   Section        0  sb.o(i.setShipParse)
    i.sgd1msConfig                           0x080041b4   Section        0  sgdsb.o(i.sgd1msConfig)
    i.sgdADCInit                             0x080041d4   Section        0  adc.o(i.sgdADCInit)
    i.sgdAdcSetChannle                       0x080042e4   Section        0  adc.o(i.sgdAdcSetChannle)
    i.sgdBatteryLedConfige                   0x08004300   Section        0  batteryled.o(i.sgdBatteryLedConfige)
    i.sgdChargeCtrl                          0x0800436c   Section        0  sgdsb.o(i.sgdChargeCtrl)
    i.sgdClockEnable                         0x080043ac   Section        0  sgdsb.o(i.sgdClockEnable)
    i.sgdEnableSwInt                         0x080044b0   Section        0  sgdsb.o(i.sgdEnableSwInt)
    i.sgdFilterBat                           0x080044e0   Section        0  currentctrl.o(i.sgdFilterBat)
    i.sgdGetADC1v5res                        0x080044f8   Section        0  adc.o(i.sgdGetADC1v5res)
    i.sgdGetADCBat                           0x08004500   Section        0  adc.o(i.sgdGetADCBat)
    i.sgdGetADCCurrentresmA                  0x08004514   Section        0  adc.o(i.sgdGetADCCurrentresmA)
    i.sgdGetADCHV                            0x08004528   Section        0  adc.o(i.sgdGetADCHV)
    i.sgdGetADCHVmV                          0x0800453c   Section        0  adc.o(i.sgdGetADCHVmV)
    i.sgdGetADCres                           0x08004550   Section        0  adc.o(i.sgdGetADCres)
    i.sgdGetInput                            0x08004564   Section        0  sgdsb.o(i.sgdGetInput)
    i.sgdGetPowerLevel                       0x080046a4   Section        0  kth57xxiic.o(i.sgdGetPowerLevel)
    i.sgdI2C_Init                            0x080046e8   Section        0  kth57xxiic.o(i.sgdI2C_Init)
    i.sgdIOConfig                            0x080046f0   Section        0  sgdsb.o(i.sgdIOConfig)
    i.sgdIOInit                              0x08004708   Section        0  sgdsb.o(i.sgdIOInit)
    i.sgdInit                                0x080047b8   Section        0  sgdsb.o(i.sgdInit)
    i.sgdInitExitIO                          0x08004968   Section        0  sgdsb.o(i.sgdInitExitIO)
    i.sgdIp5306KeyConfige                    0x080049f4   Section        0  batteryled.o(i.sgdIp5306KeyConfige)
    i.sgdKT5763Init                          0x08004a70   Section        0  kth57xxiic.o(i.sgdKT5763Init)
    i.sgdLoop                                0x08004acc   Section        0  sgdsb.o(i.sgdLoop)
    i.sgdMakeCHGRise                         0x08004b08   Section        0  sgdsb.o(i.sgdMakeCHGRise)
    i.sgdOnePulseConfig                      0x08004b38   Section        0  onepluseflash.o(i.sgdOnePulseConfig)
    i.sgdOpen5VPower                         0x08004bc8   Section        0  sgdsb.o(i.sgdOpen5VPower)
    i.sgdReadAdc                             0x08004bdc   Section        0  adc.o(i.sgdReadAdc)
    i.sgdReadAngle                           0x08004bec   Section        0  kth57xxiic.o(i.sgdReadAngle)
    i.sgdStartFlash                          0x08004c3c   Section        0  sgdsb.o(i.sgdStartFlash)
    i.sgdStartOnePluse                       0x08004c7c   Section        0  onepluseflash.o(i.sgdStartOnePluse)
    i.sgdStartSFlash                         0x08004cc8   Section        0  sgdsb.o(i.sgdStartSFlash)
    i.sgdZeroAngleInit                       0x08004d4c   Section        0  kth57xxiic.o(i.sgdZeroAngleInit)
    i.timeGone                               0x08004d8c   Section        0  sgdsb.o(i.timeGone)
    i.usbd_class_event_notify_handler        0x08004dac   Section        0  usbd_core.o(i.usbd_class_event_notify_handler)
    usbd_class_event_notify_handler          0x08004dad   Thumb Code    32  usbd_core.o(i.usbd_class_event_notify_handler)
    i.usbd_class_request_handler             0x08004dd0   Section        0  usbd_core.o(i.usbd_class_request_handler)
    usbd_class_request_handler               0x08004dd1   Thumb Code    98  usbd_core.o(i.usbd_class_request_handler)
    i.usbd_configure_done_callback           0x08004e38   Section        0  usbd_hid_inout_if.o(i.usbd_configure_done_callback)
    i.usbd_ep_clear_stall                    0x08004e4c   Section        0  usb_dc_py32.o(i.usbd_ep_clear_stall)
    i.usbd_ep_close                          0x08004e9c   Section        0  usb_dc_py32.o(i.usbd_ep_close)
    i.usbd_ep_open                           0x08004ea0   Section        0  usb_dc_py32.o(i.usbd_ep_open)
    i.usbd_ep_set_stall                      0x08004f74   Section        0  usb_dc_py32.o(i.usbd_ep_set_stall)
    i.usbd_ep_start_read                     0x08004fc0   Section        0  usb_dc_py32.o(i.usbd_ep_start_read)
    i.usbd_ep_start_write                    0x0800505c   Section        0  usb_dc_py32.o(i.usbd_ep_start_write)
    i.usbd_event_ep0_setup_complete_handler  0x08005108   Section        0  usbd_core.o(i.usbd_event_ep0_setup_complete_handler)
    i.usbd_event_ep_in_complete_handler      0x080051e0   Section        0  usbd_core.o(i.usbd_event_ep_in_complete_handler)
    i.usbd_event_ep_out_complete_handler     0x08005244   Section        0  usbd_core.o(i.usbd_event_ep_out_complete_handler)
    i.usbd_event_reset_handler               0x080052ac   Section        0  usbd_core.o(i.usbd_event_reset_handler)
    i.usbd_get_descriptor                    0x080052e4   Section        0  usbd_core.o(i.usbd_get_descriptor)
    usbd_get_descriptor                      0x080052e5   Thumb Code   132  usbd_core.o(i.usbd_get_descriptor)
    i.usbd_set_address                       0x08005370   Section        0  usb_dc_py32.o(i.usbd_set_address)
    i.usbd_set_endpoint                      0x0800538c   Section        0  usbd_core.o(i.usbd_set_endpoint)
    usbd_set_endpoint                        0x0800538d   Thumb Code    50  usbd_core.o(i.usbd_set_endpoint)
    i.usbd_set_interface                     0x080053c0   Section        0  usbd_core.o(i.usbd_set_interface)
    usbd_set_interface                       0x080053c1   Thumb Code   144  usbd_core.o(i.usbd_set_interface)
    i.usbd_setup_request_handler             0x08005454   Section        0  usbd_core.o(i.usbd_setup_request_handler)
    usbd_setup_request_handler               0x08005455   Thumb Code    80  usbd_core.o(i.usbd_setup_request_handler)
    i.usbd_std_device_req_handler            0x080054a4   Section        0  usbd_core.o(i.usbd_std_device_req_handler)
    usbd_std_device_req_handler              0x080054a5   Thumb Code   206  usbd_core.o(i.usbd_std_device_req_handler)
    i.usbd_std_endpoint_req_handler          0x0800557c   Section        0  usbd_core.o(i.usbd_std_endpoint_req_handler)
    usbd_std_endpoint_req_handler            0x0800557d   Thumb Code   114  usbd_core.o(i.usbd_std_endpoint_req_handler)
    i.usbd_std_interface_req_handler         0x080055f0   Section        0  usbd_core.o(i.usbd_std_interface_req_handler)
    usbd_std_interface_req_handler           0x080055f1   Thumb Code   160  usbd_core.o(i.usbd_std_interface_req_handler)
    i.usbd_vendor_request_handler            0x08005694   Section        0  usbd_core.o(i.usbd_vendor_request_handler)
    usbd_vendor_request_handler              0x08005695   Thumb Code   132  usbd_core.o(i.usbd_vendor_request_handler)
    i.writeRegister                          0x0800571c   Section        0  kth57xxiic.o(i.writeRegister)
    .constdata                               0x0800578c   Section       64  system_py32f07x.o(.constdata)
    .constdata                               0x080057cc   Section       32  system_py32f07x.o(.constdata)
    .constdata                               0x080057ec   Section       32  system_py32f07x.o(.constdata)
    .constdata                               0x0800580c   Section       52  py32f07x_hal_rcc.o(.constdata)
    .constdata                               0x08005840   Section       20  py32f07x_hal_rcc_ex.o(.constdata)
    .constdata                               0x08005854   Section       16  segger_rtt_printf.o(.constdata)
    _aV2C                                    0x08005854   Data          16  segger_rtt_printf.o(.constdata)
    .conststring                             0x08005864   Section       93  usbd_core.o(.conststring)
    .conststring                             0x080058c4   Section      263  sgdsb.o(.conststring)
    .data                                    0x20000000   Section        4  system_py32f07x.o(.data)
    .data                                    0x20000004   Section       12  py32f07x_hal.o(.data)
    .data                                    0x20000010   Section       16  usbd_core.o(.data)
    msosv1_desc                              0x20000014   Data           4  usbd_core.o(.data)
    msosv2_desc                              0x20000018   Data           4  usbd_core.o(.data)
    bos_desc                                 0x2000001c   Data           4  usbd_core.o(.data)
    .data                                    0x20000020   Section        1  usb_dc_py32.o(.data)
    usb_ep0_state                            0x20000020   Data           1  usb_dc_py32.o(.data)
    .data                                    0x20000024   Section       16  adc.o(.data)
    index                                    0x20000024   Data           1  adc.o(.data)
    count                                    0x20000025   Data           1  adc.o(.data)
    .data                                    0x20000034   Section        4  batteryled.o(.data)
    .data                                    0x20000038   Section       20  kth57xxiic.o(.data)
    .data                                    0x2000004c   Section      148  sgdsb.o(.data)
    preFlashPower                            0x200000a0   Data           4  sgdsb.o(.data)
    presMode                                 0x200000a4   Data           4  sgdsb.o(.data)
    preUSBDec                                0x200000a8   Data           4  sgdsb.o(.data)
    _batteryTick                             0x200000ac   Data           4  sgdsb.o(.data)
    min1                                     0x200000b0   Data           4  sgdsb.o(.data)
    min2                                     0x200000b4   Data           4  sgdsb.o(.data)
    max1                                     0x200000b8   Data           4  sgdsb.o(.data)
    max2                                     0x200000bc   Data           4  sgdsb.o(.data)
    .data                                    0x200000e0   Section        8  sb.o(.data)
    .data                                    0x200000e8   Section       64  currentctrl.o(.data)
    preChargingState                         0x2000011c   Data           4  currentctrl.o(.data)
    duty_cycle                               0x20000120   Data           4  currentctrl.o(.data)
    previous_duty_cycle                      0x20000124   Data           4  currentctrl.o(.data)
    .noncacheable                            0x20000128   Section       64  usbd_hid_inout_if.o(.noncacheable)
    .noncacheable                            0x20000168   Section      352  usbd_core.o(.noncacheable)
    .bss                                     0x200002e0   Section      384  usb_dc_py32.o(.bss)
    .bss                                     0x20000460   Section      168  segger_rtt.o(.bss)
    .bss                                     0x20000508   Section       64  adc.o(.bss)
    adcBuffer                                0x20000508   Data          10  adc.o(.bss)
    .bss                                     0x20000548   Section      156  batteryled.o(.bss)
    .bss                                     0x200005e4   Section        9  kth57xxiic.o(.bss)
    .bss                                     0x200005f0   Section      100  onepluseflash.o(.bss)
    .bss                                     0x20000654   Section       20  sgdsb.o(.bss)
    .bss                                     0x20000668   Section      304  sb.o(.bss)
    .bss                                     0x20000798   Section     4416  currentctrl.o(.bss)
    SECTION_RTT                              0x200018d8   Section     1040  segger_rtt.o(SECTION_RTT)
    _acUpBuffer                              0x200018d8   Data        1024  segger_rtt.o(SECTION_RTT)
    _acDownBuffer                            0x20001cd8   Data          16  segger_rtt.o(SECTION_RTT)
    STACK                                    0x20001ce8   Section     1024  startup_py32f072xx.o(STACK)

    Global Symbols

    Symbol Name                              Value     Ov Type        Size  Object(Section)

    BuildAttributes$$THM_ISAv3M$S$PE$A:L22$X:L11$S22$IEEE1$IW$USESV6$~STKCKD$USESV7$~SHL$OTIME$ROPI$EBA8$MICROLIB$REQ8$PRES8$EABIv2 0x00000000   Number         0  anon$$obj.o ABSOLUTE
    __ARM_use_no_argv                        0x00000000   Number         0  main.o ABSOLUTE
    _printf_a                                0x00000000   Number         0  stubs.o ABSOLUTE
    _printf_c                                0x00000000   Number         0  stubs.o ABSOLUTE
    _printf_charcount                        0x00000000   Number         0  stubs.o ABSOLUTE
    _printf_d                                0x00000000   Number         0  stubs.o ABSOLUTE
    _printf_e                                0x00000000   Number         0  stubs.o ABSOLUTE
    _printf_f                                0x00000000   Number         0  stubs.o ABSOLUTE
    _printf_flags                            0x00000000   Number         0  stubs.o ABSOLUTE
    _printf_fp_dec                           0x00000000   Number         0  stubs.o ABSOLUTE
    _printf_fp_hex                           0x00000000   Number         0  stubs.o ABSOLUTE
    _printf_g                                0x00000000   Number         0  stubs.o ABSOLUTE
    _printf_i                                0x00000000   Number         0  stubs.o ABSOLUTE
    _printf_int_dec                          0x00000000   Number         0  stubs.o ABSOLUTE
    _printf_l                                0x00000000   Number         0  stubs.o ABSOLUTE
    _printf_lc                               0x00000000   Number         0  stubs.o ABSOLUTE
    _printf_ll                               0x00000000   Number         0  stubs.o ABSOLUTE
    _printf_lld                              0x00000000   Number         0  stubs.o ABSOLUTE
    _printf_lli                              0x00000000   Number         0  stubs.o ABSOLUTE
    _printf_llo                              0x00000000   Number         0  stubs.o ABSOLUTE
    _printf_llu                              0x00000000   Number         0  stubs.o ABSOLUTE
    _printf_llx                              0x00000000   Number         0  stubs.o ABSOLUTE
    _printf_longlong_dec                     0x00000000   Number         0  stubs.o ABSOLUTE
    _printf_longlong_hex                     0x00000000   Number         0  stubs.o ABSOLUTE
    _printf_longlong_oct                     0x00000000   Number         0  stubs.o ABSOLUTE
    _printf_ls                               0x00000000   Number         0  stubs.o ABSOLUTE
    _printf_mbtowc                           0x00000000   Number         0  stubs.o ABSOLUTE
    _printf_n                                0x00000000   Number         0  stubs.o ABSOLUTE
    _printf_o                                0x00000000   Number         0  stubs.o ABSOLUTE
    _printf_p                                0x00000000   Number         0  stubs.o ABSOLUTE
    _printf_percent                          0x00000000   Number         0  stubs.o ABSOLUTE
    _printf_pre_padding                      0x00000000   Number         0  stubs.o ABSOLUTE
    _printf_return_value                     0x00000000   Number         0  stubs.o ABSOLUTE
    _printf_s                                0x00000000   Number         0  stubs.o ABSOLUTE
    _printf_sizespec                         0x00000000   Number         0  stubs.o ABSOLUTE
    _printf_str                              0x00000000   Number         0  stubs.o ABSOLUTE
    _printf_truncate_signed                  0x00000000   Number         0  stubs.o ABSOLUTE
    _printf_truncate_unsigned                0x00000000   Number         0  stubs.o ABSOLUTE
    _printf_u                                0x00000000   Number         0  stubs.o ABSOLUTE
    _printf_wc                               0x00000000   Number         0  stubs.o ABSOLUTE
    _printf_wctomb                           0x00000000   Number         0  stubs.o ABSOLUTE
    _printf_widthprec                        0x00000000   Number         0  stubs.o ABSOLUTE
    _printf_x                                0x00000000   Number         0  stubs.o ABSOLUTE
    __cpp_initialize__aeabi_                  - Undefined Weak Reference
    __cxa_finalize                            - Undefined Weak Reference
    _clock_init                               - Undefined Weak Reference
    _microlib_exit                            - Undefined Weak Reference
    __Vectors_Size                           0x000000c0   Number         0  startup_py32f072xx.o ABSOLUTE
    __Vectors                                0x08000000   Data           4  startup_py32f072xx.o(RESET)
    __Vectors_End                            0x080000c0   Data           0  startup_py32f072xx.o(RESET)
    __main                                   0x080000c1   Thumb Code     0  entry.o(.ARM.Collect$$$$00000000)
    _main_stk                                0x080000c1   Thumb Code     0  entry2.o(.ARM.Collect$$$$00000001)
    _main_scatterload                        0x080000c5   Thumb Code     0  entry5.o(.ARM.Collect$$$$00000004)
    __main_after_scatterload                 0x080000c9   Thumb Code     0  entry5.o(.ARM.Collect$$$$00000004)
    _main_clock                              0x080000c9   Thumb Code     0  entry7b.o(.ARM.Collect$$$$00000008)
    _main_cpp_init                           0x080000c9   Thumb Code     0  entry8b.o(.ARM.Collect$$$$0000000A)
    _main_init                               0x080000c9   Thumb Code     0  entry9a.o(.ARM.Collect$$$$0000000B)
    __rt_final_cpp                           0x080000d1   Thumb Code     0  entry10a.o(.ARM.Collect$$$$0000000D)
    __rt_final_exit                          0x080000d1   Thumb Code     0  entry11a.o(.ARM.Collect$$$$0000000F)
    Reset_Handler                            0x080000d5   Thumb Code     8  startup_py32f072xx.o(.text)
    CAN_IRQHandler                           0x080000e7   Thumb Code     0  startup_py32f072xx.o(.text)
    DMA1_Channel1_IRQHandler                 0x080000e7   Thumb Code     0  startup_py32f072xx.o(.text)
    DMA1_Channel2_3_IRQHandler               0x080000e7   Thumb Code     0  startup_py32f072xx.o(.text)
    DMA1_Channel4_5_6_7_IRQHandler           0x080000e7   Thumb Code     0  startup_py32f072xx.o(.text)
    FLASH_IRQHandler                         0x080000e7   Thumb Code     0  startup_py32f072xx.o(.text)
    I2C1_IRQHandler                          0x080000e7   Thumb Code     0  startup_py32f072xx.o(.text)
    I2C2_IRQHandler                          0x080000e7   Thumb Code     0  startup_py32f072xx.o(.text)
    LCD_IRQHandler                           0x080000e7   Thumb Code     0  startup_py32f072xx.o(.text)
    PVD_IRQHandler                           0x080000e7   Thumb Code     0  startup_py32f072xx.o(.text)
    RCC_IRQHandler                           0x080000e7   Thumb Code     0  startup_py32f072xx.o(.text)
    SPI1_IRQHandler                          0x080000e7   Thumb Code     0  startup_py32f072xx.o(.text)
    SPI2_IRQHandler                          0x080000e7   Thumb Code     0  startup_py32f072xx.o(.text)
    TIM14_IRQHandler                         0x080000e7   Thumb Code     0  startup_py32f072xx.o(.text)
    TIM15_IRQHandler                         0x080000e7   Thumb Code     0  startup_py32f072xx.o(.text)
    TIM16_IRQHandler                         0x080000e7   Thumb Code     0  startup_py32f072xx.o(.text)
    TIM17_IRQHandler                         0x080000e7   Thumb Code     0  startup_py32f072xx.o(.text)
    TIM1_CC_IRQHandler                       0x080000e7   Thumb Code     0  startup_py32f072xx.o(.text)
    TIM2_IRQHandler                          0x080000e7   Thumb Code     0  startup_py32f072xx.o(.text)
    TIM3_IRQHandler                          0x080000e7   Thumb Code     0  startup_py32f072xx.o(.text)
    TIM6_LPTIM1_DAC_IRQHandler               0x080000e7   Thumb Code     0  startup_py32f072xx.o(.text)
    TIM7_IRQHandler                          0x080000e7   Thumb Code     0  startup_py32f072xx.o(.text)
    USART1_IRQHandler                        0x080000e7   Thumb Code     0  startup_py32f072xx.o(.text)
    USART2_IRQHandler                        0x080000e7   Thumb Code     0  startup_py32f072xx.o(.text)
    USART3_4_IRQHandler                      0x080000e7   Thumb Code     0  startup_py32f072xx.o(.text)
    WWDG_IRQHandler                          0x080000e7   Thumb Code     0  startup_py32f072xx.o(.text)
    __aeabi_uidiv                            0x080000f1   Thumb Code     0  uidiv.o(.text)
    __aeabi_uidivmod                         0x080000f1   Thumb Code    44  uidiv.o(.text)
    __aeabi_idiv                             0x0800011d   Thumb Code     0  idiv.o(.text)
    __aeabi_idivmod                          0x0800011d   Thumb Code    40  idiv.o(.text)
    qsort                                    0x08000145   Thumb Code   162  qsort.o(.text)
    __aeabi_memcpy                           0x080001e7   Thumb Code    36  memcpya.o(.text)
    __aeabi_memcpy4                          0x080001e7   Thumb Code     0  memcpya.o(.text)
    __aeabi_memcpy8                          0x080001e7   Thumb Code     0  memcpya.o(.text)
    __aeabi_memset                           0x0800020b   Thumb Code    14  memseta.o(.text)
    __aeabi_memset4                          0x0800020b   Thumb Code     0  memseta.o(.text)
    __aeabi_memset8                          0x0800020b   Thumb Code     0  memseta.o(.text)
    __aeabi_memclr                           0x08000219   Thumb Code     4  memseta.o(.text)
    __aeabi_memclr4                          0x08000219   Thumb Code     0  memseta.o(.text)
    __aeabi_memclr8                          0x08000219   Thumb Code     0  memseta.o(.text)
    _memset$wrapper                          0x0800021d   Thumb Code    18  memseta.o(.text)
    strcpy                                   0x0800022f   Thumb Code    18  strcpy.o(.text)
    __aeabi_fadd                             0x08000241   Thumb Code   162  fadd.o(.text)
    __aeabi_fsub                             0x080002e3   Thumb Code     8  fadd.o(.text)
    __aeabi_frsub                            0x080002eb   Thumb Code     8  fadd.o(.text)
    __aeabi_fmul                             0x080002f3   Thumb Code   122  fmul.o(.text)
    __aeabi_fdiv                             0x0800036d   Thumb Code   124  fdiv.o(.text)
    __ARM_scalbnf                            0x080003e9   Thumb Code    24  fscalb.o(.text)
    scalbnf                                  0x080003e9   Thumb Code     0  fscalb.o(.text)
    __aeabi_dmul                             0x08000401   Thumb Code   202  dmul.o(.text)
    __ARM_scalbn                             0x080004d1   Thumb Code    44  dscalb.o(.text)
    scalbn                                   0x080004d1   Thumb Code     0  dscalb.o(.text)
    __aeabi_i2f                              0x080004fd   Thumb Code    22  fflti.o(.text)
    __aeabi_ui2f                             0x08000513   Thumb Code    14  ffltui.o(.text)
    __aeabi_i2d                              0x08000521   Thumb Code    34  dflti.o(.text)
    __aeabi_ui2d                             0x08000549   Thumb Code    24  dfltui.o(.text)
    __aeabi_f2iz                             0x08000565   Thumb Code    50  ffixi.o(.text)
    __aeabi_d2f                              0x08000597   Thumb Code    56  d2f.o(.text)
    __I$use$fp                               0x080005cf   Thumb Code     0  iusefp.o(.text)
    _float_round                             0x080005cf   Thumb Code    16  fepilogue.o(.text)
    _float_epilogue                          0x080005df   Thumb Code   114  fepilogue.o(.text)
    _double_round                            0x08000651   Thumb Code    26  depilogue.o(.text)
    _double_epilogue                         0x0800066b   Thumb Code   164  depilogue.o(.text)
    __scatterload                            0x08000711   Thumb Code    28  init.o(.text)
    __scatterload_rt2                        0x08000711   Thumb Code     0  init.o(.text)
    __aeabi_llsl                             0x08000735   Thumb Code    32  llshl.o(.text)
    _ll_shift_l                              0x08000735   Thumb Code     0  llshl.o(.text)
    __aeabi_llsr                             0x08000755   Thumb Code    34  llushr.o(.text)
    _ll_ushift_r                             0x08000755   Thumb Code     0  llushr.o(.text)
    __decompress                             0x08000777   Thumb Code     0  __dczerorl2.o(.text)
    __decompress1                            0x08000777   Thumb Code    86  __dczerorl2.o(.text)
    ADC_COMP_IRQHandler                      0x080007cd   Thumb Code    16  py32f07x_it.o(i.ADC_COMP_IRQHandler)
    ADC_ConversionStop_Disable               0x080007e5   Thumb Code    74  py32f07x_hal_adc.o(i.ADC_ConversionStop_Disable)
    ADC_Enable                               0x08000831   Thumb Code   118  py32f07x_hal_adc.o(i.ADC_Enable)
    APP_ErrorHandler                         0x080008b1   Thumb Code     2  adc.o(i.APP_ErrorHandler)
    APP_WDG_Init                             0x0800099d   Thumb Code    48  app_wdg.o(i.APP_WDG_Init)
    APP_WDG_Refresh                          0x080009e1   Thumb Code    18  app_wdg.o(i.APP_WDG_Refresh)
    Delay_ms                                 0x08000a01   Thumb Code    26  sgdsb.o(i.Delay_ms)
    Delay_us                                 0x08000a1b   Thumb Code    14  myi2c.o(i.Delay_us)
    DutyCycleMode                            0x08000a29   Thumb Code    84  kth57xxiic.o(i.DutyCycleMode)
    EXTI0_1_IRQHandler                       0x08000a81   Thumb Code    10  py32f07x_it.o(i.EXTI0_1_IRQHandler)
    EXTI2_3_IRQHandler                       0x08000a8b   Thumb Code    10  py32f07x_it.o(i.EXTI2_3_IRQHandler)
    EXTI4_15_IRQHandler                      0x08000a95   Thumb Code    34  py32f07x_it.o(i.EXTI4_15_IRQHandler)
    ExitMode                                 0x08000ab9   Thumb Code    82  kth57xxiic.o(i.ExitMode)
    HAL_ADCEx_Calibration_Start              0x08000b11   Thumb Code   198  py32f07x_hal_adc_ex.o(i.HAL_ADCEx_Calibration_Start)
    HAL_ADCEx_InjectedConvCpltCallback       0x08000bdd   Thumb Code     2  py32f07x_hal_adc_ex.o(i.HAL_ADCEx_InjectedConvCpltCallback)
    HAL_ADC_ErrorCallback                    0x08000bdf   Thumb Code     2  py32f07x_hal_adc.o(i.HAL_ADC_ErrorCallback)
    HAL_ADC_GetValue                         0x08000be1   Thumb Code     6  py32f07x_hal_adc.o(i.HAL_ADC_GetValue)
    HAL_ADC_LevelOutOfWindowCallback         0x08000be7   Thumb Code     2  py32f07x_hal_adc.o(i.HAL_ADC_LevelOutOfWindowCallback)
    HAL_ADC_MspInit                          0x08000be9   Thumb Code     2  py32f07x_hal_adc.o(i.HAL_ADC_MspInit)
    HAL_COMP_MspInit                         0x08000beb   Thumb Code     2  py32f07x_hal_comp.o(i.HAL_COMP_MspInit)
    HAL_GPIO_ReadPin                         0x08000bed   Thumb Code    10  py32f07x_hal_gpio.o(i.HAL_GPIO_ReadPin)
    HAL_RTCEx_RTCEventCallback               0x08000bf7   Thumb Code     2  py32f07x_hal_rtc_ex.o(i.HAL_RTCEx_RTCEventCallback)
    HAL_RTCEx_RTCEventErrorCallback          0x08000bf9   Thumb Code     2  py32f07x_hal_rtc_ex.o(i.HAL_RTCEx_RTCEventErrorCallback)
    HAL_RTC_AlarmAEventCallback              0x08000bfb   Thumb Code     2  py32f07x_hal_rtc.o(i.HAL_RTC_AlarmAEventCallback)
    BID_DATA                                 0x08000bfc   Data           4  app_bootloader.o(.ARM.__AT_0x08000BFC)
    HAL_ADC_ConfigChannel                    0x08000c01   Thumb Code   286  py32f07x_hal_adc.o(i.HAL_ADC_ConfigChannel)
    HAL_ADC_ConvCpltCallback                 0x08000d2d   Thumb Code    90  adc.o(i.HAL_ADC_ConvCpltCallback)
    HAL_ADC_IRQHandler                       0x08000d91   Thumb Code   280  py32f07x_hal_adc.o(i.HAL_ADC_IRQHandler)
    HAL_ADC_Init                             0x08000ead   Thumb Code   278  py32f07x_hal_adc.o(i.HAL_ADC_Init)
    HAL_ADC_Start_IT                         0x08000fd5   Thumb Code   142  py32f07x_hal_adc.o(i.HAL_ADC_Start_IT)
    HAL_COMP_IRQHandler                      0x0800106d   Thumb Code    72  py32f07x_hal_comp.o(i.HAL_COMP_IRQHandler)
    HAL_COMP_Init                            0x080010bd   Thumb Code   390  py32f07x_hal_comp.o(i.HAL_COMP_Init)
    HAL_COMP_Start                           0x08001255   Thumb Code    66  py32f07x_hal_comp.o(i.HAL_COMP_Start)
    HAL_COMP_TriggerCallback                 0x080012a1   Thumb Code    24  sb.o(i.HAL_COMP_TriggerCallback)
    HAL_GPIO_DeInit                          0x080012bd   Thumb Code   186  py32f07x_hal_gpio.o(i.HAL_GPIO_DeInit)
    HAL_GPIO_EXTI_Callback                   0x08001385   Thumb Code   182  sgdsb.o(i.HAL_GPIO_EXTI_Callback)
    HAL_GPIO_EXTI_IRQHandler                 0x080014bd   Thumb Code    18  py32f07x_hal_gpio.o(i.HAL_GPIO_EXTI_IRQHandler)
    HAL_GPIO_Init                            0x080014d5   Thumb Code   278  py32f07x_hal_gpio.o(i.HAL_GPIO_Init)
    HAL_GPIO_WritePin                        0x080015f9   Thumb Code    12  py32f07x_hal_gpio.o(i.HAL_GPIO_WritePin)
    HAL_GetTick                              0x08001605   Thumb Code     6  py32f07x_hal.o(i.HAL_GetTick)
    HAL_IncTick                              0x08001611   Thumb Code    12  py32f07x_hal.o(i.HAL_IncTick)
    HAL_Init                                 0x08001621   Thumb Code    26  py32f07x_hal.o(i.HAL_Init)
    HAL_InitTick                             0x0800163d   Thumb Code    64  py32f07x_hal.o(i.HAL_InitTick)
    HAL_MspInit                              0x08001685   Thumb Code    38  py32f07x_hal_msp.o(i.HAL_MspInit)
    HAL_NVIC_EnableIRQ                       0x080016b1   Thumb Code    14  py32f07x_hal_cortex.o(i.HAL_NVIC_EnableIRQ)
    HAL_NVIC_SetPriority                     0x080016c5   Thumb Code     8  py32f07x_hal_cortex.o(i.HAL_NVIC_SetPriority)
    HAL_PWR_ConfigPVD                        0x080016cd   Thumb Code   110  py32f07x_hal_pwr.o(i.HAL_PWR_ConfigPVD)
    HAL_RCCEx_GetPeriphCLKFreq               0x08001749   Thumb Code   456  py32f07x_hal_rcc_ex.o(i.HAL_RCCEx_GetPeriphCLKFreq)
    HAL_RCCEx_PeriphCLKConfig                0x08001921   Thumb Code   334  py32f07x_hal_rcc_ex.o(i.HAL_RCCEx_PeriphCLKConfig)
    HAL_RCC_ClockConfig                      0x08001a81   Thumb Code   318  py32f07x_hal_rcc.o(i.HAL_RCC_ClockConfig)
    HAL_RCC_GetPCLK1Freq                     0x08001bd9   Thumb Code    26  py32f07x_hal_rcc.o(i.HAL_RCC_GetPCLK1Freq)
    HAL_RCC_GetSysClockFreq                  0x08001c01   Thumb Code   176  py32f07x_hal_rcc.o(i.HAL_RCC_GetSysClockFreq)
    HAL_RCC_OscConfig                        0x08001cbd   Thumb Code  1082  py32f07x_hal_rcc.o(i.HAL_RCC_OscConfig)
    HAL_RTCEx_RTCIRQHandler                  0x080020f7   Thumb Code    88  py32f07x_hal_rtc_ex.o(i.HAL_RTCEx_RTCIRQHandler)
    HAL_SYSTICK_Config                       0x08002151   Thumb Code    38  py32f07x_hal_cortex.o(i.HAL_SYSTICK_Config)
    HAL_TIMEx_BreakCallback                  0x08002181   Thumb Code     2  py32f07x_it.o(i.HAL_TIMEx_BreakCallback)
    HAL_TIMEx_CommutCallback                 0x08002183   Thumb Code     2  py32f07x_hal_tim_ex.o(i.HAL_TIMEx_CommutCallback)
    HAL_TIMEx_ConfigBreakDeadTime            0x08002185   Thumb Code    94  py32f07x_hal_tim_ex.o(i.HAL_TIMEx_ConfigBreakDeadTime)
    HAL_TIMEx_OCN_Start                      0x080021e3   Thumb Code    48  py32f07x_hal_tim_ex.o(i.HAL_TIMEx_OCN_Start)
    HAL_TIMEx_OCN_Stop                       0x08002215   Thumb Code    66  py32f07x_hal_tim_ex.o(i.HAL_TIMEx_OCN_Stop)
    HAL_TIMEx_PWMN_Start                     0x08002261   Thumb Code    48  py32f07x_hal_tim_ex.o(i.HAL_TIMEx_PWMN_Start)
    HAL_TIM_Base_Init                        0x08002291   Thumb Code    52  py32f07x_hal_tim.o(i.HAL_TIM_Base_Init)
    HAL_TIM_Base_MspInit                     0x080022c5   Thumb Code   356  py32f07x_hal_msp.o(i.HAL_TIM_Base_MspInit)
    HAL_TIM_Base_Start                       0x08002431   Thumb Code    34  py32f07x_hal_tim.o(i.HAL_TIM_Base_Start)
    HAL_TIM_Base_Stop                        0x08002455   Thumb Code    42  py32f07x_hal_tim.o(i.HAL_TIM_Base_Stop)
    HAL_TIM_Encoder_Start                    0x08002485   Thumb Code    52  py32f07x_hal_tim.o(i.HAL_TIM_Encoder_Start)
    HAL_TIM_IC_CaptureCallback               0x080024b9   Thumb Code     2  py32f07x_hal_tim.o(i.HAL_TIM_IC_CaptureCallback)
    HAL_TIM_IRQHandler                       0x080024bb   Thumb Code   354  py32f07x_hal_tim.o(i.HAL_TIM_IRQHandler)
    HAL_TIM_OC_DelayElapsedCallback          0x0800261d   Thumb Code     2  py32f07x_hal_tim.o(i.HAL_TIM_OC_DelayElapsedCallback)
    HAL_TIM_OC_Init                          0x0800261f   Thumb Code    52  py32f07x_hal_tim.o(i.HAL_TIM_OC_Init)
    HAL_TIM_OC_MspInit                       0x08002653   Thumb Code     2  py32f07x_hal_tim.o(i.HAL_TIM_OC_MspInit)
    HAL_TIM_OC_Start                         0x08002655   Thumb Code    72  py32f07x_hal_tim.o(i.HAL_TIM_OC_Start)
    HAL_TIM_OC_Stop                          0x080026ad   Thumb Code    90  py32f07x_hal_tim.o(i.HAL_TIM_OC_Stop)
    HAL_TIM_OnePulse_ConfigChannel           0x0800271d   Thumb Code   214  py32f07x_hal_tim.o(i.HAL_TIM_OnePulse_ConfigChannel)
    HAL_TIM_OnePulse_Init                    0x080027f3   Thumb Code    72  py32f07x_hal_tim.o(i.HAL_TIM_OnePulse_Init)
    HAL_TIM_OnePulse_MspInit                 0x0800283d   Thumb Code    44  py32f07x_hal_msp.o(i.HAL_TIM_OnePulse_MspInit)
    HAL_TIM_OnePulse_Start                   0x0800286d   Thumb Code    64  py32f07x_hal_tim.o(i.HAL_TIM_OnePulse_Start)
    HAL_TIM_PWM_ConfigChannel                0x080028bd   Thumb Code   208  py32f07x_hal_tim.o(i.HAL_TIM_PWM_ConfigChannel)
    HAL_TIM_PWM_Init                         0x0800298d   Thumb Code    52  py32f07x_hal_tim.o(i.HAL_TIM_PWM_Init)
    HAL_TIM_PWM_MspInit                      0x080029c1   Thumb Code     2  py32f07x_hal_tim.o(i.HAL_TIM_PWM_MspInit)
    HAL_TIM_PWM_PulseFinishedCallback        0x080029c3   Thumb Code     2  py32f07x_hal_tim.o(i.HAL_TIM_PWM_PulseFinishedCallback)
    HAL_TIM_PWM_Start                        0x080029c5   Thumb Code    72  py32f07x_hal_tim.o(i.HAL_TIM_PWM_Start)
    HAL_TIM_PeriodElapsedCallback            0x08002a1d   Thumb Code     2  py32f07x_hal_tim.o(i.HAL_TIM_PeriodElapsedCallback)
    HAL_TIM_TriggerCallback                  0x08002a1f   Thumb Code     2  py32f07x_hal_tim.o(i.HAL_TIM_TriggerCallback)
    HardFault_Handler                        0x08002a21   Thumb Code     2  py32f07x_it.o(i.HardFault_Handler)
    IIC_wait_Ack                             0x08002a23   Thumb Code    40  myi2c.o(i.IIC_wait_Ack)
    MyI2C_Init                               0x08002a4d   Thumb Code    30  myi2c.o(i.MyI2C_Init)
    MyI2C_R_SDA                              0x08002a71   Thumb Code    12  myi2c.o(i.MyI2C_R_SDA)
    MyI2C_ReceiveAck                         0x08002a81   Thumb Code    14  myi2c.o(i.MyI2C_ReceiveAck)
    MyI2C_ReceiveByte                        0x08002a8f   Thumb Code    52  myi2c.o(i.MyI2C_ReceiveByte)
    MyI2C_SendAck                            0x08002ac3   Thumb Code    26  myi2c.o(i.MyI2C_SendAck)
    MyI2C_SendByte                           0x08002add   Thumb Code    46  myi2c.o(i.MyI2C_SendByte)
    MyI2C_Start                              0x08002b0b   Thumb Code    40  myi2c.o(i.MyI2C_Start)
    MyI2C_Stop                               0x08002b33   Thumb Code    40  myi2c.o(i.MyI2C_Stop)
    MyI2C_W_SCL                              0x08002b5d   Thumb Code    30  myi2c.o(i.MyI2C_W_SCL)
    MyI2C_W_SDA                              0x08002b81   Thumb Code    30  myi2c.o(i.MyI2C_W_SDA)
    NMI_Handler                              0x08002ba5   Thumb Code     2  py32f07x_it.o(i.NMI_Handler)
    PendSV_Handler                           0x08002bed   Thumb Code     2  py32f07x_it.o(i.PendSV_Handler)
    RTC_IRQHandler                           0x08002bf1   Thumb Code    18  py32f07x_it.o(i.RTC_IRQHandler)
    RegInitial                               0x08002c1d   Thumb Code    46  kth57xxiic.o(i.RegInitial)
    SEGGER_RTT_Write                         0x08002c59   Thumb Code    48  segger_rtt.o(i.SEGGER_RTT_Write)
    SEGGER_RTT_WriteNoLock                   0x08002c8d   Thumb Code    86  segger_rtt.o(i.SEGGER_RTT_WriteNoLock)
    SEGGER_RTT_printf                        0x08002ce9   Thumb Code    24  segger_rtt_printf.o(i.SEGGER_RTT_printf)
    SEGGER_RTT_vprintf                       0x08002d01   Thumb Code   404  segger_rtt_printf.o(i.SEGGER_RTT_vprintf)
    SVC_Handler                              0x08002e95   Thumb Code     2  py32f07x_it.o(i.SVC_Handler)
    SysTick_Handler                          0x08002e97   Thumb Code    26  py32f07x_it.o(i.SysTick_Handler)
    SystemInit                               0x08002eb1   Thumb Code    32  system_py32f07x.o(i.SystemInit)
    TIM1_BRK_UP_TRG_COM_IRQHandler           0x08002ee1   Thumb Code    10  py32f07x_it.o(i.TIM1_BRK_UP_TRG_COM_IRQHandler)
    TIM_Base_SetConfig                       0x08002ef1   Thumb Code   104  py32f07x_hal_tim.o(i.TIM_Base_SetConfig)
    TIM_CCxChannelCmd                        0x08002f6d   Thumb Code    26  py32f07x_hal_tim.o(i.TIM_CCxChannelCmd)
    TIM_OC2_SetConfig                        0x08003025   Thumb Code   110  py32f07x_hal_tim.o(i.TIM_OC2_SetConfig)
    TIM_TI1_SetConfig                        0x08003195   Thumb Code    60  py32f07x_hal_tim.o(i.TIM_TI1_SetConfig)
    USBD_IRQHandler                          0x0800320d   Thumb Code   354  usb_dc_py32.o(i.USBD_IRQHandler)
    USB_IRQHandler                           0x0800337d   Thumb Code     8  py32f07x_it.o(i.USB_IRQHandler)
    __ARM_clz                                0x08003687   Thumb Code    46  depilogue.o(i.__ARM_clz)
    __ARM_common_switch8                     0x080036b5   Thumb Code    26  app_bootloader.o(i.__ARM_common_switch8)
    __scatterload_copy                       0x080036cf   Thumb Code    14  handlers.o(i.__scatterload_copy)
    __scatterload_null                       0x080036dd   Thumb Code     2  handlers.o(i.__scatterload_null)
    __scatterload_zeroinit                   0x080036df   Thumb Code    14  handlers.o(i.__scatterload_zeroinit)
    calPluse                                 0x080036ed   Thumb Code   258  sgdsb.o(i.calPluse)
    calculate_pluse                          0x08003809   Thumb Code    46  currentctrl.o(i.calculate_pluse)
    charge_control                           0x08003841   Thumb Code    22  currentctrl.o(i.charge_control)
    compare                                  0x0800385d   Thumb Code     8  currentctrl.o(i.compare)
    getFilterBat_mV                          0x08003865   Thumb Code     6  currentctrl.o(i.getFilterBat_mV)
    initCOMP1                                0x08003961   Thumb Code    86  sb.o(i.initCOMP1)
    initPSFB                                 0x080039e9   Thumb Code    58  sb.o(i.initPSFB)
    initTim                                  0x08003a69   Thumb Code   232  sb.o(i.initTim)
    initTim15                                0x08003b59   Thumb Code   166  sb.o(i.initTim15)
    initTim2                                 0x08003c09   Thumb Code   190  sb.o(i.initTim2)
    main                                     0x08003cdd   Thumb Code    54  main.o(i.main)
    median_filter_update                     0x08003d79   Thumb Code    86  currentctrl.o(i.median_filter_update)
    print_int_array                          0x08003dd5   Thumb Code    50  main.o(i.print_int_array)
    psfbcheck                                0x08003e25   Thumb Code    36  sb.o(i.psfbcheck)
    readMeasurement                          0x08003ead   Thumb Code   140  kth57xxiic.o(i.readMeasurement)
    readRegister                             0x08003f41   Thumb Code   116  kth57xxiic.o(i.readRegister)
    record_charge_data                       0x08003fb9   Thumb Code   102  currentctrl.o(i.record_charge_data)
    set15Pluse                               0x08004031   Thumb Code   104  sb.o(i.set15Pluse)
    setCompTick                              0x0800409d   Thumb Code    10  sb.o(i.setCompTick)
    setGPIOA6BrakeLow                        0x080040ad   Thumb Code    60  sb.o(i.setGPIOA6BrakeLow)
    setGPIOA6CompOut                         0x080040ed   Thumb Code    42  sb.o(i.setGPIOA6CompOut)
    setPluseInfo                             0x0800411d   Thumb Code     8  currentctrl.o(i.setPluseInfo)
    setShipParse                             0x08004129   Thumb Code   136  sb.o(i.setShipParse)
    sgd1msConfig                             0x080041b5   Thumb Code    22  sgdsb.o(i.sgd1msConfig)
    sgdADCInit                               0x080041d5   Thumb Code   254  adc.o(i.sgdADCInit)
    sgdAdcSetChannle                         0x080042e5   Thumb Code    22  adc.o(i.sgdAdcSetChannle)
    sgdBatteryLedConfige                     0x08004301   Thumb Code    98  batteryled.o(i.sgdBatteryLedConfige)
    sgdChargeCtrl                            0x0800436d   Thumb Code    54  sgdsb.o(i.sgdChargeCtrl)
    sgdClockEnable                           0x080043ad   Thumb Code   256  sgdsb.o(i.sgdClockEnable)
    sgdEnableSwInt                           0x080044b1   Thumb Code    42  sgdsb.o(i.sgdEnableSwInt)
    sgdFilterBat                             0x080044e1   Thumb Code    16  currentctrl.o(i.sgdFilterBat)
    sgdGetADC1v5res                          0x080044f9   Thumb Code     4  adc.o(i.sgdGetADC1v5res)
    sgdGetADCBat                             0x08004501   Thumb Code    12  adc.o(i.sgdGetADCBat)
    sgdGetADCCurrentresmA                    0x08004515   Thumb Code    12  adc.o(i.sgdGetADCCurrentresmA)
    sgdGetADCHV                              0x08004529   Thumb Code    12  adc.o(i.sgdGetADCHV)
    sgdGetADCHVmV                            0x0800453d   Thumb Code    14  adc.o(i.sgdGetADCHVmV)
    sgdGetADCres                             0x08004551   Thumb Code    12  adc.o(i.sgdGetADCres)
    sgdGetInput                              0x08004565   Thumb Code   298  sgdsb.o(i.sgdGetInput)
    sgdGetPowerLevel                         0x080046a5   Thumb Code    54  kth57xxiic.o(i.sgdGetPowerLevel)
    sgdI2C_Init                              0x080046e9   Thumb Code     8  kth57xxiic.o(i.sgdI2C_Init)
    sgdIOConfig                              0x080046f1   Thumb Code    24  sgdsb.o(i.sgdIOConfig)
    sgdIOInit                                0x08004709   Thumb Code   154  sgdsb.o(i.sgdIOInit)
    sgdInit                                  0x080047b9   Thumb Code   168  sgdsb.o(i.sgdInit)
    sgdInitExitIO                            0x08004969   Thumb Code   124  sgdsb.o(i.sgdInitExitIO)
    sgdIp5306KeyConfige                      0x080049f5   Thumb Code   106  batteryled.o(i.sgdIp5306KeyConfige)
    sgdKT5763Init                            0x08004a71   Thumb Code    76  kth57xxiic.o(i.sgdKT5763Init)
    sgdLoop                                  0x08004acd   Thumb Code    54  sgdsb.o(i.sgdLoop)
    sgdMakeCHGRise                           0x08004b09   Thumb Code    44  sgdsb.o(i.sgdMakeCHGRise)
    sgdOnePulseConfig                        0x08004b39   Thumb Code    98  onepluseflash.o(i.sgdOnePulseConfig)
    sgdOpen5VPower                           0x08004bc9   Thumb Code    14  sgdsb.o(i.sgdOpen5VPower)
    sgdReadAdc                               0x08004bdd   Thumb Code    10  adc.o(i.sgdReadAdc)
    sgdReadAngle                             0x08004bed   Thumb Code    68  kth57xxiic.o(i.sgdReadAngle)
    sgdStartFlash                            0x08004c3d   Thumb Code    58  sgdsb.o(i.sgdStartFlash)
    sgdStartOnePluse                         0x08004c7d   Thumb Code    40  onepluseflash.o(i.sgdStartOnePluse)
    sgdStartSFlash                           0x08004cc9   Thumb Code    62  sgdsb.o(i.sgdStartSFlash)
    sgdZeroAngleInit                         0x08004d4d   Thumb Code    20  kth57xxiic.o(i.sgdZeroAngleInit)
    timeGone                                 0x08004d8d   Thumb Code    30  sgdsb.o(i.timeGone)
    usbd_configure_done_callback             0x08004e39   Thumb Code    14  usbd_hid_inout_if.o(i.usbd_configure_done_callback)
    usbd_ep_clear_stall                      0x08004e4d   Thumb Code    76  usb_dc_py32.o(i.usbd_ep_clear_stall)
    usbd_ep_close                            0x08004e9d   Thumb Code     4  usb_dc_py32.o(i.usbd_ep_close)
    usbd_ep_open                             0x08004ea1   Thumb Code   204  usb_dc_py32.o(i.usbd_ep_open)
    usbd_ep_set_stall                        0x08004f75   Thumb Code    66  usb_dc_py32.o(i.usbd_ep_set_stall)
    usbd_ep_start_read                       0x08004fc1   Thumb Code   104  usb_dc_py32.o(i.usbd_ep_start_read)
    usbd_ep_start_write                      0x0800505d   Thumb Code   160  usb_dc_py32.o(i.usbd_ep_start_write)
    usbd_event_ep0_setup_complete_handler    0x08005109   Thumb Code   184  usbd_core.o(i.usbd_event_ep0_setup_complete_handler)
    usbd_event_ep_in_complete_handler        0x080051e1   Thumb Code    94  usbd_core.o(i.usbd_event_ep_in_complete_handler)
    usbd_event_ep_out_complete_handler       0x08005245   Thumb Code    98  usbd_core.o(i.usbd_event_ep_out_complete_handler)
    usbd_event_reset_handler                 0x080052ad   Thumb Code    50  usbd_core.o(i.usbd_event_reset_handler)
    usbd_set_address                         0x08005371   Thumb Code    18  usb_dc_py32.o(i.usbd_set_address)
    writeRegister                            0x0800571d   Thumb Code   106  kth57xxiic.o(i.writeRegister)
    AHBPrescTable                            0x0800578c   Data          64  system_py32f07x.o(.constdata)
    APBPrescTable                            0x080057cc   Data          32  system_py32f07x.o(.constdata)
    HSIFreqTable                             0x080057ec   Data          32  system_py32f07x.o(.constdata)
    Region$$Table$$Base                      0x080059cc   Number         0  anon$$obj.o(Region$$Table)
    Region$$Table$$Limit                     0x080059ec   Number         0  anon$$obj.o(Region$$Table)
    SystemCoreClock                          0x20000000   Data           4  system_py32f07x.o(.data)
    uwTickPrio                               0x20000004   Data           4  py32f07x_hal.o(.data)
    uwTickFreq                               0x20000008   Data           4  py32f07x_hal.o(.data)
    uwTick                                   0x2000000c   Data           4  py32f07x_hal.o(.data)
    usbd_intf_head                           0x20000010   Data           4  usbd_core.o(.data)
    aADCxConvertedData                       0x20000026   Data           2  adc.o(.data)
    aADC_CURRENT                             0x20000028   Data           2  adc.o(.data)
    aADC_HV                                  0x2000002a   Data           2  adc.o(.data)
    aADC_BAT                                 0x2000002c   Data           2  adc.o(.data)
    aADC_TMP                                 0x2000002e   Data           2  adc.o(.data)
    currentCH                                0x20000030   Data           4  adc.o(.data)
    ip5306State                              0x20000034   Data           4  batteryled.o(.data)
    I2C_ADDR                                 0x20000038   Data           1  kth57xxiic.o(.data)
    A_Data                                   0x2000003a   Data           2  kth57xxiic.o(.data)
    B_Data                                   0x2000003c   Data           2  kth57xxiic.o(.data)
    DID                                      0x2000003e   Data           2  kth57xxiic.o(.data)
    RRData                                   0x20000040   Data           3  kth57xxiic.o(.data)
    zeroAngle                                0x20000044   Data           4  kth57xxiic.o(.data)
    AngleOutput                              0x20000048   Data           4  kth57xxiic.o(.data)
    sMode                                    0x2000004c   Data           1  sgdsb.o(.data)
    powerLevel                               0x2000004d   Data           1  sgdsb.o(.data)
    switchState                              0x20000050   Data           4  sgdsb.o(.data)
    flashTick                                0x20000054   Data           4  sgdsb.o(.data)
    userOperateTick                          0x20000058   Data           4  sgdsb.o(.data)
    _chgTick                                 0x2000005c   Data           4  sgdsb.o(.data)
    _swTick                                  0x20000060   Data           4  sgdsb.o(.data)
    _batteryLowTick                          0x20000064   Data           4  sgdsb.o(.data)
    usbHostConnected                         0x20000068   Data           4  sgdsb.o(.data)
    usbInsertion                             0x2000006c   Data           4  sgdsb.o(.data)
    lowBatteryState                          0x20000070   Data           4  sgdsb.o(.data)
    _oneFlashTick                            0x20000074   Data           4  sgdsb.o(.data)
    _igbtGateTick                            0x20000078   Data           4  sgdsb.o(.data)
    _flashInTick                             0x2000007c   Data           4  sgdsb.o(.data)
    _oneFlashCount                           0x20000080   Data           4  sgdsb.o(.data)
    _igbtGateCount                           0x20000084   Data           4  sgdsb.o(.data)
    _flashInCount                            0x20000088   Data           4  sgdsb.o(.data)
    _pwmTick                                 0x2000008c   Data           4  sgdsb.o(.data)
    batteryState                             0x20000090   Data           4  sgdsb.o(.data)
    _inputTick                               0x20000094   Data           4  sgdsb.o(.data)
    currenBatV                               0x20000098   Data           4  sgdsb.o(.data)
    autoFLashTick                            0x2000009c   Data           4  sgdsb.o(.data)
    flashPowerArray                          0x200000c0   Data          32  sgdsb.o(.data)
    compTick                                 0x200000e0   Data           4  sb.o(.data)
    timerState                               0x200000e4   Data           4  sb.o(.data)
    _pluse                                   0x200000e8   Data           4  currentctrl.o(.data)
    sample_count                             0x200000ec   Data           4  currentctrl.o(.data)
    a                                        0x200000f0   Data           4  currentctrl.o(.data)
    b                                        0x200000f4   Data           4  currentctrl.o(.data)
    call_count                               0x200000f8   Data           4  currentctrl.o(.data)
    total_current                            0x200000fc   Data           4  currentctrl.o(.data)
    total_hv                                 0x20000100   Data           4  currentctrl.o(.data)
    pluseVbat                                0x20000104   Data           4  currentctrl.o(.data)
    pluseA                                   0x20000108   Data           4  currentctrl.o(.data)
    pluseB                                   0x2000010c   Data           4  currentctrl.o(.data)
    pluseValue                               0x20000110   Data           4  currentctrl.o(.data)
    filterBat_mV                             0x20000114   Data           4  currentctrl.o(.data)
    filterC_mA                               0x20000118   Data           4  currentctrl.o(.data)
    guc_usbd_read_buffer                     0x20000128   Data          64  usbd_hid_inout_if.o(.noncacheable)
    usbd_core_cfg                            0x20000168   Data         352  usbd_core.o(.noncacheable)
    g_pyusb_udc                              0x200002e0   Data         384  usb_dc_py32.o(.bss)
    _SEGGER_RTT                              0x20000460   Data         168  segger_rtt.o(.bss)
    AdcHandle                                0x20000514   Data          52  adc.o(.bss)
    TimHandle3                               0x20000548   Data          64  batteryled.o(.bss)
    TimHandle14                              0x20000588   Data          64  batteryled.o(.bss)
    sConfig                                  0x200005c8   Data          28  batteryled.o(.bss)
    RMData                                   0x200005e4   Data           9  kth57xxiic.o(.bss)
    sConfig2                                 0x200005f0   Data          36  onepluseflash.o(.bss)
    TimHandleM                               0x20000614   Data          64  onepluseflash.o(.bss)
    RtcHandle                                0x20000654   Data          20  sgdsb.o(.bss)
    TimHandle1                               0x20000668   Data          64  sb.o(.bss)
    TimHandle2                               0x200006a8   Data          64  sb.o(.bss)
    TimHandle15                              0x200006e8   Data          64  sb.o(.bss)
    sBreakConfig                             0x20000728   Data          32  sb.o(.bss)
    sPWMConfig                               0x20000748   Data          28  sb.o(.bss)
    hcomp1                                   0x20000764   Data          52  sb.o(.bss)
    current_samples                          0x20000798   Data        4000  currentctrl.o(.bss)
    batMedianFilter                          0x20001738   Data         208  currentctrl.o(.bss)
    ccurrentMedianFilter                     0x20001808   Data         208  currentctrl.o(.bss)
    __initial_sp                             0x200020e8   Data           0  startup_py32f072xx.o(STACK)



==============================================================================

Memory Map of the image

  Image Entry point : 0x080000c1

  Load Region LR_IROM1 (Base: 0x08000000, Size: 0x00005cb4, Max: 0x00008000, ABSOLUTE, COMPRESSED[0x00005a40])

    Execution Region ER_IROM1 (Exec base: 0x08000000, Load base: 0x08000000, Size: 0x000059ec, Max: 0x00008000, ABSOLUTE)

    Exec Addr    Load Addr    Size         Type   Attr      Idx    E Section Name        Object

    0x08000000   0x08000000   0x000000c0   Data   RO            3    RESET               startup_py32f072xx.o
    0x080000c0   0x080000c0   0x00000000   Code   RO         5700  * .ARM.Collect$$$$00000000  mc_p.l(entry.o)
    0x080000c0   0x080000c0   0x00000004   Code   RO         6010    .ARM.Collect$$$$00000001  mc_p.l(entry2.o)
    0x080000c4   0x080000c4   0x00000004   Code   RO         6013    .ARM.Collect$$$$00000004  mc_p.l(entry5.o)
    0x080000c8   0x080000c8   0x00000000   Code   RO         6015    .ARM.Collect$$$$00000008  mc_p.l(entry7b.o)
    0x080000c8   0x080000c8   0x00000000   Code   RO         6017    .ARM.Collect$$$$0000000A  mc_p.l(entry8b.o)
    0x080000c8   0x080000c8   0x00000008   Code   RO         6018    .ARM.Collect$$$$0000000B  mc_p.l(entry9a.o)
    0x080000d0   0x080000d0   0x00000000   Code   RO         6020    .ARM.Collect$$$$0000000D  mc_p.l(entry10a.o)
    0x080000d0   0x080000d0   0x00000000   Code   RO         6022    .ARM.Collect$$$$0000000F  mc_p.l(entry11a.o)
    0x080000d0   0x080000d0   0x00000004   Code   RO         6011    .ARM.Collect$$$$00002712  mc_p.l(entry2.o)
    0x080000d4   0x080000d4   0x0000001c   Code   RO            4    .text               startup_py32f072xx.o
    0x080000f0   0x080000f0   0x0000002c   Code   RO         5703    .text               mc_p.l(uidiv.o)
    0x0800011c   0x0800011c   0x00000028   Code   RO         5705    .text               mc_p.l(idiv.o)
    0x08000144   0x08000144   0x000000a2   Code   RO         5707    .text               mc_p.l(qsort.o)
    0x080001e6   0x080001e6   0x00000024   Code   RO         5709    .text               mc_p.l(memcpya.o)
    0x0800020a   0x0800020a   0x00000024   Code   RO         5711    .text               mc_p.l(memseta.o)
    0x0800022e   0x0800022e   0x00000012   Code   RO         5717    .text               mc_p.l(strcpy.o)
    0x08000240   0x08000240   0x000000b2   Code   RO         5984    .text               mf_p.l(fadd.o)
    0x080002f2   0x080002f2   0x0000007a   Code   RO         5986    .text               mf_p.l(fmul.o)
    0x0800036c   0x0800036c   0x0000007c   Code   RO         5988    .text               mf_p.l(fdiv.o)
    0x080003e8   0x080003e8   0x00000018   Code   RO         5990    .text               mf_p.l(fscalb.o)
    0x08000400   0x08000400   0x000000d0   Code   RO         5992    .text               mf_p.l(dmul.o)
    0x080004d0   0x080004d0   0x0000002c   Code   RO         5994    .text               mf_p.l(dscalb.o)
    0x080004fc   0x080004fc   0x00000016   Code   RO         5996    .text               mf_p.l(fflti.o)
    0x08000512   0x08000512   0x0000000e   Code   RO         5998    .text               mf_p.l(ffltui.o)
    0x08000520   0x08000520   0x00000028   Code   RO         6000    .text               mf_p.l(dflti.o)
    0x08000548   0x08000548   0x0000001c   Code   RO         6002    .text               mf_p.l(dfltui.o)
    0x08000564   0x08000564   0x00000032   Code   RO         6004    .text               mf_p.l(ffixi.o)
    0x08000596   0x08000596   0x00000038   Code   RO         6008    .text               mf_p.l(d2f.o)
    0x080005ce   0x080005ce   0x00000000   Code   RO         6027    .text               mc_p.l(iusefp.o)
    0x080005ce   0x080005ce   0x00000082   Code   RO         6028    .text               mf_p.l(fepilogue.o)
    0x08000650   0x08000650   0x000000be   Code   RO         6030    .text               mf_p.l(depilogue.o)
    0x0800070e   0x0800070e   0x00000002   PAD
    0x08000710   0x08000710   0x00000024   Code   RO         6042    .text               mc_p.l(init.o)
    0x08000734   0x08000734   0x00000020   Code   RO         6044    .text               mc_p.l(llshl.o)
    0x08000754   0x08000754   0x00000022   Code   RO         6046    .text               mc_p.l(llushr.o)
    0x08000776   0x08000776   0x00000056   Code   RO         6058    .text               mc_p.l(__dczerorl2.o)
    0x080007cc   0x080007cc   0x00000018   Code   RO         5038    i.ADC_COMP_IRQHandler  py32f07x_it.o
    0x080007e4   0x080007e4   0x0000004a   Code   RO         2326    i.ADC_ConversionStop_Disable  py32f07x_hal_adc.o
    0x0800082e   0x0800082e   0x00000002   PAD
    0x08000830   0x08000830   0x00000080   Code   RO         2330    i.ADC_Enable        py32f07x_hal_adc.o
    0x080008b0   0x080008b0   0x00000002   Code   RO         4599    i.APP_ErrorHandler  adc.o
    0x080008b2   0x080008b2   0x00000002   PAD
    0x080008b4   0x080008b4   0x0000007c   Code   RO          146    i.APP_PvdConfig     main.o
    0x08000930   0x08000930   0x0000006c   Code   RO          147    i.APP_SystemClockConfig  main.o
    0x0800099c   0x0800099c   0x00000044   Code   RO          556    i.APP_WDG_Init      app_wdg.o
    0x080009e0   0x080009e0   0x00000020   Code   RO          557    i.APP_WDG_Refresh   app_wdg.o
    0x08000a00   0x08000a00   0x0000001a   Code   RO         5158    i.Delay_ms          sgdsb.o
    0x08000a1a   0x08000a1a   0x0000000e   Code   RO         4907    i.Delay_us          myi2c.o
    0x08000a28   0x08000a28   0x00000058   Code   RO         4766    i.DutyCycleMode     kth57xxiic.o
    0x08000a80   0x08000a80   0x0000000a   Code   RO         5039    i.EXTI0_1_IRQHandler  py32f07x_it.o
    0x08000a8a   0x08000a8a   0x0000000a   Code   RO         5040    i.EXTI2_3_IRQHandler  py32f07x_it.o
    0x08000a94   0x08000a94   0x00000022   Code   RO         5041    i.EXTI4_15_IRQHandler  py32f07x_it.o
    0x08000ab6   0x08000ab6   0x00000002   PAD
    0x08000ab8   0x08000ab8   0x00000058   Code   RO         4767    i.ExitMode          kth57xxiic.o
    0x08000b10   0x08000b10   0x000000cc   Code   RO         2509    i.HAL_ADCEx_Calibration_Start  py32f07x_hal_adc_ex.o
    0x08000bdc   0x08000bdc   0x00000002   Code   RO         2511    i.HAL_ADCEx_InjectedConvCpltCallback  py32f07x_hal_adc_ex.o
    0x08000bde   0x08000bde   0x00000002   Code   RO         2336    i.HAL_ADC_ErrorCallback  py32f07x_hal_adc.o
    0x08000be0   0x08000be0   0x00000006   Code   RO         2339    i.HAL_ADC_GetValue  py32f07x_hal_adc.o
    0x08000be6   0x08000be6   0x00000002   Code   RO         2342    i.HAL_ADC_LevelOutOfWindowCallback  py32f07x_hal_adc.o
    0x08000be8   0x08000be8   0x00000002   Code   RO         2344    i.HAL_ADC_MspInit   py32f07x_hal_adc.o
    0x08000bea   0x08000bea   0x00000002   Code   RO         3919    i.HAL_COMP_MspInit  py32f07x_hal_comp.o
    0x08000bec   0x08000bec   0x0000000a   Code   RO         1257    i.HAL_GPIO_ReadPin  py32f07x_hal_gpio.o
    0x08000bf6   0x08000bf6   0x00000002   Code   RO         3849    i.HAL_RTCEx_RTCEventCallback  py32f07x_hal_rtc_ex.o
    0x08000bf8   0x08000bf8   0x00000002   Code   RO         3850    i.HAL_RTCEx_RTCEventErrorCallback  py32f07x_hal_rtc_ex.o
    0x08000bfa   0x08000bfa   0x00000002   Code   RO         3682    i.HAL_RTC_AlarmAEventCallback  py32f07x_hal_rtc.o
    0x08000bfc   0x08000bfc   0x00000004   Data   RO          328    .ARM.__AT_0x08000BFC  app_bootloader.o
    0x08000c00   0x08000c00   0x0000012c   Code   RO         2332    i.HAL_ADC_ConfigChannel  py32f07x_hal_adc.o
    0x08000d2c   0x08000d2c   0x00000064   Code   RO         4600    i.HAL_ADC_ConvCpltCallback  adc.o
    0x08000d90   0x08000d90   0x0000011c   Code   RO         2340    i.HAL_ADC_IRQHandler  py32f07x_hal_adc.o
    0x08000eac   0x08000eac   0x00000128   Code   RO         2341    i.HAL_ADC_Init      py32f07x_hal_adc.o
    0x08000fd4   0x08000fd4   0x00000098   Code   RO         2349    i.HAL_ADC_Start_IT  py32f07x_hal_adc.o
    0x0800106c   0x0800106c   0x00000050   Code   RO         3916    i.HAL_COMP_IRQHandler  py32f07x_hal_comp.o
    0x080010bc   0x080010bc   0x00000198   Code   RO         3917    i.HAL_COMP_Init     py32f07x_hal_comp.o
    0x08001254   0x08001254   0x0000004c   Code   RO         3920    i.HAL_COMP_Start    py32f07x_hal_comp.o
    0x080012a0   0x080012a0   0x0000001c   Code   RO         5422    i.HAL_COMP_TriggerCallback  sb.o
    0x080012bc   0x080012bc   0x000000c8   Code   RO         1252    i.HAL_GPIO_DeInit   py32f07x_hal_gpio.o
    0x08001384   0x08001384   0x00000138   Code   RO         5159    i.HAL_GPIO_EXTI_Callback  sgdsb.o
    0x080014bc   0x080014bc   0x00000018   Code   RO         1254    i.HAL_GPIO_EXTI_IRQHandler  py32f07x_hal_gpio.o
    0x080014d4   0x080014d4   0x00000124   Code   RO         1255    i.HAL_GPIO_Init     py32f07x_hal_gpio.o
    0x080015f8   0x080015f8   0x0000000c   Code   RO         1259    i.HAL_GPIO_WritePin  py32f07x_hal_gpio.o
    0x08001604   0x08001604   0x0000000c   Code   RO          869    i.HAL_GetTick       py32f07x_hal.o
    0x08001610   0x08001610   0x00000010   Code   RO          875    i.HAL_IncTick       py32f07x_hal.o
    0x08001620   0x08001620   0x0000001a   Code   RO          876    i.HAL_Init          py32f07x_hal.o
    0x0800163a   0x0800163a   0x00000002   PAD
    0x0800163c   0x0800163c   0x00000048   Code   RO          877    i.HAL_InitTick      py32f07x_hal.o
    0x08001684   0x08001684   0x0000002c   Code   RO          691    i.HAL_MspInit       py32f07x_hal_msp.o
    0x080016b0   0x080016b0   0x00000014   Code   RO         1063    i.HAL_NVIC_EnableIRQ  py32f07x_hal_cortex.o
    0x080016c4   0x080016c4   0x00000008   Code   RO         1067    i.HAL_NVIC_SetPriority  py32f07x_hal_cortex.o
    0x080016cc   0x080016cc   0x0000007c   Code   RO         1465    i.HAL_PWR_ConfigPVD  py32f07x_hal_pwr.o
    0x08001748   0x08001748   0x000001d8   Code   RO         1422    i.HAL_RCCEx_GetPeriphCLKFreq  py32f07x_hal_rcc_ex.o
    0x08001920   0x08001920   0x00000160   Code   RO         1423    i.HAL_RCCEx_PeriphCLKConfig  py32f07x_hal_rcc_ex.o
    0x08001a80   0x08001a80   0x00000158   Code   RO         1315    i.HAL_RCC_ClockConfig  py32f07x_hal_rcc.o
    0x08001bd8   0x08001bd8   0x00000028   Code   RO         1323    i.HAL_RCC_GetPCLK1Freq  py32f07x_hal_rcc.o
    0x08001c00   0x08001c00   0x000000bc   Code   RO         1324    i.HAL_RCC_GetSysClockFreq  py32f07x_hal_rcc.o
    0x08001cbc   0x08001cbc   0x0000043a   Code   RO         1328    i.HAL_RCC_OscConfig  py32f07x_hal_rcc.o
    0x080020f6   0x080020f6   0x00000058   Code   RO         3851    i.HAL_RTCEx_RTCIRQHandler  py32f07x_hal_rtc_ex.o
    0x0800214e   0x0800214e   0x00000002   PAD
    0x08002150   0x08002150   0x00000030   Code   RO         1071    i.HAL_SYSTICK_Config  py32f07x_hal_cortex.o
    0x08002180   0x08002180   0x00000002   Code   RO         5042    i.HAL_TIMEx_BreakCallback  py32f07x_it.o
    0x08002182   0x08002182   0x00000002   Code   RO         3436    i.HAL_TIMEx_CommutCallback  py32f07x_hal_tim_ex.o
    0x08002184   0x08002184   0x0000005e   Code   RO         3438    i.HAL_TIMEx_ConfigBreakDeadTime  py32f07x_hal_tim_ex.o
    0x080021e2   0x080021e2   0x00000030   Code   RO         3454    i.HAL_TIMEx_OCN_Start  py32f07x_hal_tim_ex.o
    0x08002212   0x08002212   0x00000002   PAD
    0x08002214   0x08002214   0x0000004c   Code   RO         3457    i.HAL_TIMEx_OCN_Stop  py32f07x_hal_tim_ex.o
    0x08002260   0x08002260   0x00000030   Code   RO         3464    i.HAL_TIMEx_PWMN_Start  py32f07x_hal_tim_ex.o
    0x08002290   0x08002290   0x00000034   Code   RO         2752    i.HAL_TIM_Base_Init  py32f07x_hal_tim.o
    0x080022c4   0x080022c4   0x0000016c   Code   RO          692    i.HAL_TIM_Base_MspInit  py32f07x_hal_msp.o
    0x08002430   0x08002430   0x00000022   Code   RO         2755    i.HAL_TIM_Base_Start  py32f07x_hal_tim.o
    0x08002452   0x08002452   0x00000002   PAD
    0x08002454   0x08002454   0x00000030   Code   RO         2758    i.HAL_TIM_Base_Stop  py32f07x_hal_tim.o
    0x08002484   0x08002484   0x00000034   Code   RO         2775    i.HAL_TIM_Encoder_Start  py32f07x_hal_tim.o
    0x080024b8   0x080024b8   0x00000002   Code   RO         2783    i.HAL_TIM_IC_CaptureCallback  py32f07x_hal_tim.o
    0x080024ba   0x080024ba   0x00000162   Code   RO         2797    i.HAL_TIM_IRQHandler  py32f07x_hal_tim.o
    0x0800261c   0x0800261c   0x00000002   Code   RO         2800    i.HAL_TIM_OC_DelayElapsedCallback  py32f07x_hal_tim.o
    0x0800261e   0x0800261e   0x00000034   Code   RO         2802    i.HAL_TIM_OC_Init   py32f07x_hal_tim.o
    0x08002652   0x08002652   0x00000002   Code   RO         2804    i.HAL_TIM_OC_MspInit  py32f07x_hal_tim.o
    0x08002654   0x08002654   0x00000058   Code   RO         2805    i.HAL_TIM_OC_Start  py32f07x_hal_tim.o
    0x080026ac   0x080026ac   0x00000070   Code   RO         2808    i.HAL_TIM_OC_Stop   py32f07x_hal_tim.o
    0x0800271c   0x0800271c   0x000000d6   Code   RO         2811    i.HAL_TIM_OnePulse_ConfigChannel  py32f07x_hal_tim.o
    0x080027f2   0x080027f2   0x00000048   Code   RO         2814    i.HAL_TIM_OnePulse_Init  py32f07x_hal_tim.o
    0x0800283a   0x0800283a   0x00000002   PAD
    0x0800283c   0x0800283c   0x00000030   Code   RO          693    i.HAL_TIM_OnePulse_MspInit  py32f07x_hal_msp.o
    0x0800286c   0x0800286c   0x00000050   Code   RO         2817    i.HAL_TIM_OnePulse_Start  py32f07x_hal_tim.o
    0x080028bc   0x080028bc   0x000000d0   Code   RO         2821    i.HAL_TIM_PWM_ConfigChannel  py32f07x_hal_tim.o
    0x0800298c   0x0800298c   0x00000034   Code   RO         2824    i.HAL_TIM_PWM_Init  py32f07x_hal_tim.o
    0x080029c0   0x080029c0   0x00000002   Code   RO         2826    i.HAL_TIM_PWM_MspInit  py32f07x_hal_tim.o
    0x080029c2   0x080029c2   0x00000002   Code   RO         2827    i.HAL_TIM_PWM_PulseFinishedCallback  py32f07x_hal_tim.o
    0x080029c4   0x080029c4   0x00000058   Code   RO         2829    i.HAL_TIM_PWM_Start  py32f07x_hal_tim.o
    0x08002a1c   0x08002a1c   0x00000002   Code   RO         2835    i.HAL_TIM_PeriodElapsedCallback  py32f07x_hal_tim.o
    0x08002a1e   0x08002a1e   0x00000002   Code   RO         2840    i.HAL_TIM_TriggerCallback  py32f07x_hal_tim.o
    0x08002a20   0x08002a20   0x00000002   Code   RO         5043    i.HardFault_Handler  py32f07x_it.o
    0x08002a22   0x08002a22   0x00000028   Code   RO         4908    i.IIC_wait_Ack      myi2c.o
    0x08002a4a   0x08002a4a   0x00000002   PAD
    0x08002a4c   0x08002a4c   0x00000024   Code   RO         4910    i.MyI2C_Init        myi2c.o
    0x08002a70   0x08002a70   0x00000010   Code   RO         4911    i.MyI2C_R_SDA       myi2c.o
    0x08002a80   0x08002a80   0x0000000e   Code   RO         4912    i.MyI2C_ReceiveAck  myi2c.o
    0x08002a8e   0x08002a8e   0x00000034   Code   RO         4913    i.MyI2C_ReceiveByte  myi2c.o
    0x08002ac2   0x08002ac2   0x0000001a   Code   RO         4914    i.MyI2C_SendAck     myi2c.o
    0x08002adc   0x08002adc   0x0000002e   Code   RO         4915    i.MyI2C_SendByte    myi2c.o
    0x08002b0a   0x08002b0a   0x00000028   Code   RO         4916    i.MyI2C_Start       myi2c.o
    0x08002b32   0x08002b32   0x00000028   Code   RO         4917    i.MyI2C_Stop        myi2c.o
    0x08002b5a   0x08002b5a   0x00000002   PAD
    0x08002b5c   0x08002b5c   0x00000024   Code   RO         4918    i.MyI2C_W_SCL       myi2c.o
    0x08002b80   0x08002b80   0x00000024   Code   RO         4919    i.MyI2C_W_SDA       myi2c.o
    0x08002ba4   0x08002ba4   0x00000002   Code   RO         5044    i.NMI_Handler       py32f07x_it.o
    0x08002ba6   0x08002ba6   0x00000002   PAD
    0x08002ba8   0x08002ba8   0x00000044   Code   RO         1073    i.NVIC_SetPriority  py32f07x_hal_cortex.o
    0x08002bec   0x08002bec   0x00000002   Code   RO         5045    i.PendSV_Handler    py32f07x_it.o
    0x08002bee   0x08002bee   0x00000002   PAD
    0x08002bf0   0x08002bf0   0x0000002c   Code   RO         5046    i.RTC_IRQHandler    py32f07x_it.o
    0x08002c1c   0x08002c1c   0x0000003c   Code   RO         4768    i.RegInitial        kth57xxiic.o
    0x08002c58   0x08002c58   0x00000034   Code   RO         4377    i.SEGGER_RTT_Write  segger_rtt.o
    0x08002c8c   0x08002c8c   0x0000005c   Code   RO         4378    i.SEGGER_RTT_WriteNoLock  segger_rtt.o
    0x08002ce8   0x08002ce8   0x00000018   Code   RO         4553    i.SEGGER_RTT_printf  segger_rtt_printf.o
    0x08002d00   0x08002d00   0x00000194   Code   RO         4554    i.SEGGER_RTT_vprintf  segger_rtt_printf.o
    0x08002e94   0x08002e94   0x00000002   Code   RO         5047    i.SVC_Handler       py32f07x_it.o
    0x08002e96   0x08002e96   0x0000001a   Code   RO         5048    i.SysTick_Handler   py32f07x_it.o
    0x08002eb0   0x08002eb0   0x00000030   Code   RO           12    i.SystemInit        system_py32f07x.o
    0x08002ee0   0x08002ee0   0x00000010   Code   RO         5049    i.TIM1_BRK_UP_TRG_COM_IRQHandler  py32f07x_it.o
    0x08002ef0   0x08002ef0   0x0000007c   Code   RO         2842    i.TIM_Base_SetConfig  py32f07x_hal_tim.o
    0x08002f6c   0x08002f6c   0x0000001a   Code   RO         2843    i.TIM_CCxChannelCmd  py32f07x_hal_tim.o
    0x08002f86   0x08002f86   0x0000001a   Code   RO         3473    i.TIM_CCxNChannelCmd  py32f07x_hal_tim_ex.o
    0x08002fa0   0x08002fa0   0x00000084   Code   RO         2855    i.TIM_OC1_SetConfig  py32f07x_hal_tim.o
    0x08003024   0x08003024   0x00000080   Code   RO         2856    i.TIM_OC2_SetConfig  py32f07x_hal_tim.o
    0x080030a4   0x080030a4   0x00000084   Code   RO         2857    i.TIM_OC3_SetConfig  py32f07x_hal_tim.o
    0x08003128   0x08003128   0x0000006c   Code   RO         2858    i.TIM_OC4_SetConfig  py32f07x_hal_tim.o
    0x08003194   0x08003194   0x00000044   Code   RO         2861    i.TIM_TI1_SetConfig  py32f07x_hal_tim.o
    0x080031d8   0x080031d8   0x00000034   Code   RO         2863    i.TIM_TI2_SetConfig  py32f07x_hal_tim.o
    0x0800320c   0x0800320c   0x00000170   Code   RO         4177    i.USBD_IRQHandler   usb_dc_py32.o
    0x0800337c   0x0800337c   0x00000008   Code   RO         5050    i.USB_IRQHandler    py32f07x_it.o
    0x08003384   0x08003384   0x00000070   Code   RO         4382    i._DoInit           segger_rtt.o
    0x080033f4   0x080033f4   0x00000016   Code   RO         4383    i._GetAvailWriteSpace  segger_rtt.o
    0x0800340a   0x0800340a   0x000000c8   Code   RO         4555    i._PrintInt         segger_rtt_printf.o
    0x080034d2   0x080034d2   0x00000002   PAD
    0x080034d4   0x080034d4   0x000000d8   Code   RO         4556    i._PrintUnsigned    segger_rtt_printf.o
    0x080035ac   0x080035ac   0x0000003e   Code   RO         4557    i._StoreChar        segger_rtt_printf.o
    0x080035ea   0x080035ea   0x00000060   Code   RO         4385    i._WriteBlocking    segger_rtt.o
    0x0800364a   0x0800364a   0x0000003c   Code   RO         4386    i._WriteNoCheck     segger_rtt.o
    0x08003686   0x08003686   0x0000002e   Code   RO         6032    i.__ARM_clz         mf_p.l(depilogue.o)
    0x080036b4   0x080036b4   0x0000001a   Code   RO          422    i.__ARM_common_switch8  app_bootloader.o
    0x080036ce   0x080036ce   0x0000000e   Code   RO         6052    i.__scatterload_copy  mc_p.l(handlers.o)
    0x080036dc   0x080036dc   0x00000002   Code   RO         6053    i.__scatterload_null  mc_p.l(handlers.o)
    0x080036de   0x080036de   0x0000000e   Code   RO         6054    i.__scatterload_zeroinit  mc_p.l(handlers.o)
    0x080036ec   0x080036ec   0x0000011c   Code   RO         5160    i.calPluse          sgdsb.o
    0x08003808   0x08003808   0x00000038   Code   RO         5551    i.calculate_pluse   currentctrl.o
    0x08003840   0x08003840   0x0000001c   Code   RO         5552    i.charge_control    currentctrl.o
    0x0800385c   0x0800385c   0x00000008   Code   RO         5553    i.compare           currentctrl.o
    0x08003864   0x08003864   0x0000000c   Code   RO         5555    i.getFilterBat_mV   currentctrl.o
    0x08003870   0x08003870   0x000000f0   Code   RO         4178    i.handle_ep0        usb_dc_py32.o
    0x08003960   0x08003960   0x00000088   Code   RO         5423    i.initCOMP1         sb.o
    0x080039e8   0x080039e8   0x00000080   Code   RO         5425    i.initPSFB          sb.o
    0x08003a68   0x08003a68   0x000000f0   Code   RO         5426    i.initTim           sb.o
    0x08003b58   0x08003b58   0x000000b0   Code   RO         5427    i.initTim15         sb.o
    0x08003c08   0x08003c08   0x000000c4   Code   RO         5428    i.initTim2          sb.o
    0x08003ccc   0x08003ccc   0x00000010   Code   RO         3995    i.is_device_configured  usbd_core.o
    0x08003cdc   0x08003cdc   0x0000009c   Code   RO          149    i.main              main.o
    0x08003d78   0x08003d78   0x0000005c   Code   RO         5558    i.median_filter_update  currentctrl.o
    0x08003dd4   0x08003dd4   0x00000050   Code   RO          150    i.print_int_array   main.o
    0x08003e24   0x08003e24   0x00000028   Code   RO         5429    i.psfbcheck         sb.o
    0x08003e4c   0x08003e4c   0x0000001e   Code   RO         4179    i.pyusb_get_fifo_size  usb_dc_py32.o
    0x08003e6a   0x08003e6a   0x00000002   PAD
    0x08003e6c   0x08003e6c   0x00000020   Code   RO         4180    i.pyusb_read_packet  usb_dc_py32.o
    0x08003e8c   0x08003e8c   0x00000020   Code   RO         4181    i.pyusb_write_packet  usb_dc_py32.o
    0x08003eac   0x08003eac   0x00000094   Code   RO         4769    i.readMeasurement   kth57xxiic.o
    0x08003f40   0x08003f40   0x00000078   Code   RO         4770    i.readRegister      kth57xxiic.o
    0x08003fb8   0x08003fb8   0x00000078   Code   RO         5561    i.record_charge_data  currentctrl.o
    0x08004030   0x08004030   0x0000006c   Code   RO         5431    i.set15Pluse        sb.o
    0x0800409c   0x0800409c   0x00000010   Code   RO         5432    i.setCompTick       sb.o
    0x080040ac   0x080040ac   0x00000040   Code   RO         5433    i.setGPIOA6BrakeLow  sb.o
    0x080040ec   0x080040ec   0x00000030   Code   RO         5434    i.setGPIOA6CompOut  sb.o
    0x0800411c   0x0800411c   0x0000000c   Code   RO         5564    i.setPluseInfo      currentctrl.o
    0x08004128   0x08004128   0x0000008c   Code   RO         5436    i.setShipParse      sb.o
    0x080041b4   0x080041b4   0x00000020   Code   RO         5166    i.sgd1msConfig      sgdsb.o
    0x080041d4   0x080041d4   0x00000110   Code   RO         4601    i.sgdADCInit        adc.o
    0x080042e4   0x080042e4   0x0000001c   Code   RO         4602    i.sgdAdcSetChannle  adc.o
    0x08004300   0x08004300   0x0000006c   Code   RO         4718    i.sgdBatteryLedConfige  batteryled.o
    0x0800436c   0x0800436c   0x00000040   Code   RO         5169    i.sgdChargeCtrl     sgdsb.o
    0x080043ac   0x080043ac   0x00000104   Code   RO         5170    i.sgdClockEnable    sgdsb.o
    0x080044b0   0x080044b0   0x00000030   Code   RO         5172    i.sgdEnableSwInt    sgdsb.o
    0x080044e0   0x080044e0   0x00000018   Code   RO         5566    i.sgdFilterBat      currentctrl.o
    0x080044f8   0x080044f8   0x00000008   Code   RO         4603    i.sgdGetADC1v5res   adc.o
    0x08004500   0x08004500   0x00000014   Code   RO         4604    i.sgdGetADCBat      adc.o
    0x08004514   0x08004514   0x00000014   Code   RO         4606    i.sgdGetADCCurrentresmA  adc.o
    0x08004528   0x08004528   0x00000014   Code   RO         4607    i.sgdGetADCHV       adc.o
    0x0800453c   0x0800453c   0x00000014   Code   RO         4608    i.sgdGetADCHVmV     adc.o
    0x08004550   0x08004550   0x00000014   Code   RO         4611    i.sgdGetADCres      adc.o
    0x08004564   0x08004564   0x00000140   Code   RO         5174    i.sgdGetInput       sgdsb.o
    0x080046a4   0x080046a4   0x00000044   Code   RO         4773    i.sgdGetPowerLevel  kth57xxiic.o
    0x080046e8   0x080046e8   0x00000008   Code   RO         4775    i.sgdI2C_Init       kth57xxiic.o
    0x080046f0   0x080046f0   0x00000018   Code   RO         5176    i.sgdIOConfig       sgdsb.o
    0x08004708   0x08004708   0x000000b0   Code   RO         5177    i.sgdIOInit         sgdsb.o
    0x080047b8   0x080047b8   0x000001b0   Code   RO         5178    i.sgdInit           sgdsb.o
    0x08004968   0x08004968   0x0000008c   Code   RO         5179    i.sgdInitExitIO     sgdsb.o
    0x080049f4   0x080049f4   0x0000007c   Code   RO         4719    i.sgdIp5306KeyConfige  batteryled.o
    0x08004a70   0x08004a70   0x0000005c   Code   RO         4777    i.sgdKT5763Init     kth57xxiic.o
    0x08004acc   0x08004acc   0x0000003c   Code   RO         5181    i.sgdLoop           sgdsb.o
    0x08004b08   0x08004b08   0x00000030   Code   RO         5182    i.sgdMakeCHGRise    sgdsb.o
    0x08004b38   0x08004b38   0x00000090   Code   RO         5001    i.sgdOnePulseConfig  onepluseflash.o
    0x08004bc8   0x08004bc8   0x00000014   Code   RO         5185    i.sgdOpen5VPower    sgdsb.o
    0x08004bdc   0x08004bdc   0x00000010   Code   RO         4613    i.sgdReadAdc        adc.o
    0x08004bec   0x08004bec   0x00000050   Code   RO         4778    i.sgdReadAngle      kth57xxiic.o
    0x08004c3c   0x08004c3c   0x00000040   Code   RO         5191    i.sgdStartFlash     sgdsb.o
    0x08004c7c   0x08004c7c   0x0000004c   Code   RO         5002    i.sgdStartOnePluse  onepluseflash.o
    0x08004cc8   0x08004cc8   0x00000084   Code   RO         5192    i.sgdStartSFlash    sgdsb.o
    0x08004d4c   0x08004d4c   0x00000040   Code   RO         4782    i.sgdZeroAngleInit  kth57xxiic.o
    0x08004d8c   0x08004d8c   0x0000001e   Code   RO         5194    i.timeGone          sgdsb.o
    0x08004daa   0x08004daa   0x00000002   PAD
    0x08004dac   0x08004dac   0x00000024   Code   RO         4000    i.usbd_class_event_notify_handler  usbd_core.o
    0x08004dd0   0x08004dd0   0x00000068   Code   RO         4001    i.usbd_class_request_handler  usbd_core.o
    0x08004e38   0x08004e38   0x00000014   Code   RO          211    i.usbd_configure_done_callback  usbd_hid_inout_if.o
    0x08004e4c   0x08004e4c   0x00000050   Code   RO         4186    i.usbd_ep_clear_stall  usb_dc_py32.o
    0x08004e9c   0x08004e9c   0x00000004   Code   RO         4187    i.usbd_ep_close     usb_dc_py32.o
    0x08004ea0   0x08004ea0   0x000000d4   Code   RO         4189    i.usbd_ep_open      usb_dc_py32.o
    0x08004f74   0x08004f74   0x0000004c   Code   RO         4190    i.usbd_ep_set_stall  usb_dc_py32.o
    0x08004fc0   0x08004fc0   0x0000009c   Code   RO         4191    i.usbd_ep_start_read  usb_dc_py32.o
    0x0800505c   0x0800505c   0x000000ac   Code   RO         4192    i.usbd_ep_start_write  usb_dc_py32.o
    0x08005108   0x08005108   0x000000d8   Code   RO         4006    i.usbd_event_ep0_setup_complete_handler  usbd_core.o
    0x080051e0   0x080051e0   0x00000064   Code   RO         4007    i.usbd_event_ep_in_complete_handler  usbd_core.o
    0x08005244   0x08005244   0x00000068   Code   RO         4008    i.usbd_event_ep_out_complete_handler  usbd_core.o
    0x080052ac   0x080052ac   0x00000038   Code   RO         4009    i.usbd_event_reset_handler  usbd_core.o
    0x080052e4   0x080052e4   0x0000008c   Code   RO         4012    i.usbd_get_descriptor  usbd_core.o
    0x08005370   0x08005370   0x0000001c   Code   RO         4193    i.usbd_set_address  usb_dc_py32.o
    0x0800538c   0x0800538c   0x00000032   Code   RO         4016    i.usbd_set_endpoint  usbd_core.o
    0x080053be   0x080053be   0x00000002   PAD
    0x080053c0   0x080053c0   0x00000094   Code   RO         4017    i.usbd_set_interface  usbd_core.o
    0x08005454   0x08005454   0x00000050   Code   RO         4018    i.usbd_setup_request_handler  usbd_core.o
    0x080054a4   0x080054a4   0x000000d8   Code   RO         4019    i.usbd_std_device_req_handler  usbd_core.o
    0x0800557c   0x0800557c   0x00000072   Code   RO         4020    i.usbd_std_endpoint_req_handler  usbd_core.o
    0x080055ee   0x080055ee   0x00000002   PAD
    0x080055f0   0x080055f0   0x000000a4   Code   RO         4021    i.usbd_std_interface_req_handler  usbd_core.o
    0x08005694   0x08005694   0x00000088   Code   RO         4022    i.usbd_vendor_request_handler  usbd_core.o
    0x0800571c   0x0800571c   0x00000070   Code   RO         4785    i.writeRegister     kth57xxiic.o
    0x0800578c   0x0800578c   0x00000040   Data   RO           13    .constdata          system_py32f07x.o
    0x080057cc   0x080057cc   0x00000020   Data   RO           14    .constdata          system_py32f07x.o
    0x080057ec   0x080057ec   0x00000020   Data   RO           15    .constdata          system_py32f07x.o
    0x0800580c   0x0800580c   0x00000034   Data   RO         1329    .constdata          py32f07x_hal_rcc.o
    0x08005840   0x08005840   0x00000014   Data   RO         1424    .constdata          py32f07x_hal_rcc_ex.o
    0x08005854   0x08005854   0x00000010   Data   RO         4558    .constdata          segger_rtt_printf.o
    0x08005864   0x08005864   0x0000005d   Data   RO         4023    .conststring        usbd_core.o
    0x080058c1   0x080058c1   0x00000003   PAD
    0x080058c4   0x080058c4   0x00000107   Data   RO         5197    .conststring        sgdsb.o
    0x080059cb   0x080059cb   0x00000001   PAD
    0x080059cc   0x080059cc   0x00000020   Data   RO         6050    Region$$Table       anon$$obj.o


    Execution Region RW_IRAM1 (Exec base: 0x20000000, Load base: 0x080059ec, Size: 0x000020e8, Max: 0x0000f000, ABSOLUTE, COMPRESSED[0x00000054])

    Exec Addr    Load Addr    Size         Type   Attr      Idx    E Section Name        Object

    0x20000000   COMPRESSED   0x00000004   Data   RW           16    .data               system_py32f07x.o
    0x20000004   COMPRESSED   0x0000000c   Data   RW          891    .data               py32f07x_hal.o
    0x20000010   COMPRESSED   0x00000010   Data   RW         4024    .data               usbd_core.o
    0x20000020   COMPRESSED   0x00000001   Data   RW         4195    .data               usb_dc_py32.o
    0x20000021   COMPRESSED   0x00000003   PAD
    0x20000024   COMPRESSED   0x00000010   Data   RW         4616    .data               adc.o
    0x20000034   COMPRESSED   0x00000004   Data   RW         4724    .data               batteryled.o
    0x20000038   COMPRESSED   0x00000014   Data   RW         4787    .data               kth57xxiic.o
    0x2000004c   COMPRESSED   0x00000094   Data   RW         5198    .data               sgdsb.o
    0x200000e0   COMPRESSED   0x00000008   Data   RW         5441    .data               sb.o
    0x200000e8   COMPRESSED   0x00000040   Data   RW         5571    .data               currentctrl.o
    0x20000128   COMPRESSED   0x00000040   Data   RW          217    .noncacheable       usbd_hid_inout_if.o
    0x20000168   COMPRESSED   0x00000160   Data   RW         4025    .noncacheable       usbd_core.o
    0x200002c8   COMPRESSED   0x00000018   PAD
    0x200002e0        -       0x00000180   Zero   RW         4194    .bss                usb_dc_py32.o
    0x20000460        -       0x000000a8   Zero   RW         4387    .bss                segger_rtt.o
    0x20000508        -       0x00000040   Zero   RW         4615    .bss                adc.o
    0x20000548        -       0x0000009c   Zero   RW         4723    .bss                batteryled.o
    0x200005e4        -       0x00000009   Zero   RW         4786    .bss                kth57xxiic.o
    0x200005ed   COMPRESSED   0x00000003   PAD
    0x200005f0        -       0x00000064   Zero   RW         5005    .bss                onepluseflash.o
    0x20000654        -       0x00000014   Zero   RW         5196    .bss                sgdsb.o
    0x20000668        -       0x00000130   Zero   RW         5439    .bss                sb.o
    0x20000798        -       0x00001140   Zero   RW         5569    .bss                currentctrl.o
    0x200018d8        -       0x00000410   Zero   RW         4389    SECTION_RTT         segger_rtt.o
    0x20001ce8        -       0x00000400   Zero   RW            1    STACK               startup_py32f072xx.o


==============================================================================

Image component sizes


      Code (inc. data)   RO Data    RW Data    ZI Data      Debug   Object Name

       526         82          0         16         64       6999   adc.o
        26          0          4          0          0       1566   app_bootloader.o
       100         34          0          0          0       1329   app_wdg.o
       232         28          0          4        156       1618   batteryled.o
       352         58          0         64       4416       8178   currentctrl.o
       928        128          0         20          9       7857   kth57xxiic.o
       468        150          0          0          0       3290   main.o
       396         22          0          0          0       6880   myi2c.o
       220         82          0          0        100       1532   onepluseflash.o
       126         18          0         12          0       3581   py32f07x_hal.o
      1246         56          0          0          0       8645   py32f07x_hal_adc.o
       206          6          0          0          0       2171   py32f07x_hal_adc_ex.o
       566         36          0          0          0       8226   py32f07x_hal_comp.o
       144         24          0          0          0       9413   py32f07x_hal_cortex.o
       538         34          0          0          0       4680   py32f07x_hal_gpio.o
       456         18          0          0          0       2692   py32f07x_hal_msp.o
       124         14          0          0          0       1300   py32f07x_hal_pwr.o
      1654         96         52          0          0       5773   py32f07x_hal_rcc.o
       824         34         20          0          0       3137   py32f07x_hal_rcc_ex.o
         2          0          0          0          0       1414   py32f07x_hal_rtc.o
        92          0          0          0          0       2365   py32f07x_hal_rtc_ex.o
      2290        176          0          0          0      22517   py32f07x_hal_tim.o
       294         10          0          0          0       4837   py32f07x_hal_tim_ex.o
       182         40          0          0          0       6920   py32f07x_it.o
      1320        176          0          8        304       8021   sb.o
       434         48          0          0       1208       8942   segger_rtt.o
       906          6         16          0          0       7065   segger_rtt_printf.o
      2472        602        263        148         20      22160   sgdsb.o
        28          8        192          0       1024        684   startup_py32f072xx.o
        48         16        128          4          0     400176   system_py32f07x.o
      1430        146          0          1        384      12824   usb_dc_py32.o
      1680        120         93        368          0      21943   usbd_core.o
        20          6          0         64          0      23623   usbd_hid_inout_if.o

    ----------------------------------------------------------------------
     20364       2274        804        712       7712     632358   Object Totals
         0          0         32          0          0          0   (incl. Generated)
        34          0          4          3         27          0   (incl. Padding)

    ----------------------------------------------------------------------

      Code (inc. data)   RO Data    RW Data    ZI Data      Debug   Library Member Name

        86          0          0          0          0          0   __dczerorl2.o
         0          0          0          0          0          0   entry.o
         0          0          0          0          0          0   entry10a.o
         0          0          0          0          0          0   entry11a.o
         8          4          0          0          0          0   entry2.o
         4          0          0          0          0          0   entry5.o
         0          0          0          0          0          0   entry7b.o
         0          0          0          0          0          0   entry8b.o
         8          4          0          0          0          0   entry9a.o
        30          0          0          0          0          0   handlers.o
        40          0          0          0          0         72   idiv.o
        36          8          0          0          0         68   init.o
         0          0          0          0          0          0   iusefp.o
        32          0          0          0          0         68   llshl.o
        34          0          0          0          0         68   llushr.o
        36          0          0          0          0         60   memcpya.o
        36          0          0          0          0        100   memseta.o
       162          0          0          0          0         80   qsort.o
        18          0          0          0          0         60   strcpy.o
        44          0          0          0          0         72   uidiv.o
        56          0          0          0          0         68   d2f.o
       236          0          0          0          0        216   depilogue.o
        40          6          0          0          0         68   dflti.o
        28          4          0          0          0         68   dfltui.o
       208          6          0          0          0         88   dmul.o
        44          0          0          0          0         72   dscalb.o
       178          0          0          0          0        108   fadd.o
       124          0          0          0          0         72   fdiv.o
       130          0          0          0          0        144   fepilogue.o
        50          0          0          0          0         60   ffixi.o
        22          0          0          0          0         68   fflti.o
        14          0          0          0          0         68   ffltui.o
       122          0          0          0          0         72   fmul.o
        24          0          0          0          0         60   fscalb.o

    ----------------------------------------------------------------------
      1852         32          0          0          0       1880   Library Totals
         2          0          0          0          0          0   (incl. Padding)

    ----------------------------------------------------------------------

      Code (inc. data)   RO Data    RW Data    ZI Data      Debug   Library Name

       574         16          0          0          0        648   mc_p.l
      1276         16          0          0          0       1232   mf_p.l

    ----------------------------------------------------------------------
      1852         32          0          0          0       1880   Library Totals

    ----------------------------------------------------------------------

==============================================================================


      Code (inc. data)   RO Data    RW Data    ZI Data      Debug   

     22216       2306        804        712       7712     624210   Grand Totals
     22216       2306        804         84       7712     624210   ELF Image Totals (compressed)
     22216       2306        804         84          0          0   ROM Totals

==============================================================================

    Total RO  Size (Code + RO Data)                23020 (  22.48kB)
    Total RW  Size (RW Data + ZI Data)              8424 (   8.23kB)
    Total ROM Size (Code + RO Data + RW Data)      23104 (  22.56kB)

==============================================================================

